Archive member included to satisfy reference by file (symbol)

/opt/gcc-arm-none-eabi-9-2020-q2-update/bin/../lib/gcc/arm-none-eabi/9.3.1/../../../../arm-none-eabi/lib/thumb/v7-m/nofp/libc_nano.a(lib_a-errno.o)
                              /senslab/users/kmoncayo/iot-lab/iot-lab/parts/RIOT/examples/hello-world/bin/iotlab-m3/newlib_syscalls_default/syscalls.o (__errno)
/opt/gcc-arm-none-eabi-9-2020-q2-update/bin/../lib/gcc/arm-none-eabi/9.3.1/../../../../arm-none-eabi/lib/thumb/v7-m/nofp/libc_nano.a(lib_a-impure.o)
                              /opt/gcc-arm-none-eabi-9-2020-q2-update/bin/../lib/gcc/arm-none-eabi/9.3.1/../../../../arm-none-eabi/lib/thumb/v7-m/nofp/libc_nano.a(lib_a-errno.o) (_impure_ptr)
/opt/gcc-arm-none-eabi-9-2020-q2-update/bin/../lib/gcc/arm-none-eabi/9.3.1/../../../../arm-none-eabi/lib/thumb/v7-m/nofp/libc_nano.a(lib_a-init.o)
                              /senslab/users/kmoncayo/iot-lab/iot-lab/parts/RIOT/examples/hello-world/bin/iotlab-m3/cortexm_common/vectors_cortexm.o (__libc_init_array)
/opt/gcc-arm-none-eabi-9-2020-q2-update/bin/../lib/gcc/arm-none-eabi/9.3.1/../../../../arm-none-eabi/lib/thumb/v7-m/nofp/libc_nano.a(lib_a-malloc.o)
                              /senslab/users/kmoncayo/iot-lab/iot-lab/parts/RIOT/examples/hello-world/bin/iotlab-m3/malloc_thread_safe/malloc_wrappers.o (malloc)
/opt/gcc-arm-none-eabi-9-2020-q2-update/bin/../lib/gcc/arm-none-eabi/9.3.1/../../../../arm-none-eabi/lib/thumb/v7-m/nofp/libc_nano.a(lib_a-memcmp.o)
                              /senslab/users/kmoncayo/iot-lab/iot-lab/parts/RIOT/examples/hello-world/bin/iotlab-m3/core/atomic_c11.o (memcmp)
/opt/gcc-arm-none-eabi-9-2020-q2-update/bin/../lib/gcc/arm-none-eabi/9.3.1/../../../../arm-none-eabi/lib/thumb/v7-m/nofp/libc_nano.a(lib_a-memcpy-stub.o)
                              /senslab/users/kmoncayo/iot-lab/iot-lab/parts/RIOT/examples/hello-world/bin/iotlab-m3/core/atomic_c11.o (memcpy)
/opt/gcc-arm-none-eabi-9-2020-q2-update/bin/../lib/gcc/arm-none-eabi/9.3.1/../../../../arm-none-eabi/lib/thumb/v7-m/nofp/libc_nano.a(lib_a-memset.o)
                              /senslab/users/kmoncayo/iot-lab/iot-lab/parts/RIOT/examples/hello-world/bin/iotlab-m3/malloc_thread_safe/malloc_wrappers.o (memset)
/opt/gcc-arm-none-eabi-9-2020-q2-update/bin/../lib/gcc/arm-none-eabi/9.3.1/../../../../arm-none-eabi/lib/thumb/v7-m/nofp/libc_nano.a(lib_a-mstats.o)
                              /senslab/users/kmoncayo/iot-lab/iot-lab/parts/RIOT/examples/hello-world/bin/iotlab-m3/newlib_syscalls_default/syscalls.o (mallinfo)
/opt/gcc-arm-none-eabi-9-2020-q2-update/bin/../lib/gcc/arm-none-eabi/9.3.1/../../../../arm-none-eabi/lib/thumb/v7-m/nofp/libc_nano.a(lib_a-nano-freer.o)
                              /opt/gcc-arm-none-eabi-9-2020-q2-update/bin/../lib/gcc/arm-none-eabi/9.3.1/../../../../arm-none-eabi/lib/thumb/v7-m/nofp/libc_nano.a(lib_a-malloc.o) (_free_r)
/opt/gcc-arm-none-eabi-9-2020-q2-update/bin/../lib/gcc/arm-none-eabi/9.3.1/../../../../arm-none-eabi/lib/thumb/v7-m/nofp/libc_nano.a(lib_a-nano-mallinfor.o)
                              /opt/gcc-arm-none-eabi-9-2020-q2-update/bin/../lib/gcc/arm-none-eabi/9.3.1/../../../../arm-none-eabi/lib/thumb/v7-m/nofp/libc_nano.a(lib_a-mstats.o) (_mallinfo_r)
/opt/gcc-arm-none-eabi-9-2020-q2-update/bin/../lib/gcc/arm-none-eabi/9.3.1/../../../../arm-none-eabi/lib/thumb/v7-m/nofp/libc_nano.a(lib_a-nano-mallocr.o)
                              /opt/gcc-arm-none-eabi-9-2020-q2-update/bin/../lib/gcc/arm-none-eabi/9.3.1/../../../../arm-none-eabi/lib/thumb/v7-m/nofp/libc_nano.a(lib_a-malloc.o) (_malloc_r)
/opt/gcc-arm-none-eabi-9-2020-q2-update/bin/../lib/gcc/arm-none-eabi/9.3.1/../../../../arm-none-eabi/lib/thumb/v7-m/nofp/libc_nano.a(lib_a-nano-malloptr.o)
                              /opt/gcc-arm-none-eabi-9-2020-q2-update/bin/../lib/gcc/arm-none-eabi/9.3.1/../../../../arm-none-eabi/lib/thumb/v7-m/nofp/libc_nano.a(lib_a-mstats.o) (_mallopt_r)
/opt/gcc-arm-none-eabi-9-2020-q2-update/bin/../lib/gcc/arm-none-eabi/9.3.1/../../../../arm-none-eabi/lib/thumb/v7-m/nofp/libc_nano.a(lib_a-nano-mallstatsr.o)
                              /opt/gcc-arm-none-eabi-9-2020-q2-update/bin/../lib/gcc/arm-none-eabi/9.3.1/../../../../arm-none-eabi/lib/thumb/v7-m/nofp/libc_nano.a(lib_a-mstats.o) (_malloc_stats_r)
/opt/gcc-arm-none-eabi-9-2020-q2-update/bin/../lib/gcc/arm-none-eabi/9.3.1/../../../../arm-none-eabi/lib/thumb/v7-m/nofp/libc_nano.a(lib_a-printf.o)
                              /senslab/users/kmoncayo/iot-lab/iot-lab/parts/RIOT/examples/hello-world/bin/iotlab-m3/application_hello-world/main.o (printf)
/opt/gcc-arm-none-eabi-9-2020-q2-update/bin/../lib/gcc/arm-none-eabi/9.3.1/../../../../arm-none-eabi/lib/thumb/v7-m/nofp/libc_nano.a(lib_a-puts.o)
                              /senslab/users/kmoncayo/iot-lab/iot-lab/parts/RIOT/examples/hello-world/bin/iotlab-m3/application_hello-world/main.o (puts)
[...]
Memory Configuration

Name             Origin             Length             Attributes
ccmram           0x0000000010000000 0x0000000000000000
sram4            0x0000000028000000 0x0000000000000000
rom              0x0000000008000000 0x0000000000080000 xr
ram              0x0000000020000000 0x0000000000010000 w !xr
bkup_ram         0x0000000000000000 0x0000000000000000 w !xr
*default*        0x0000000000000000 0xffffffffffffffff

Linker script and memory map

LOAD /senslab/users/kmoncayo/iot-lab/iot-lab/parts/RIOT/examples/hello-world/bin/iotlab-m3/application_hello-world/main.o
LOAD /senslab/users/kmoncayo/iot-lab/iot-lab/parts/RIOT/examples/hello-world/bin/iotlab-m3/auto_init/auto_init.o
LOAD /senslab/users/kmoncayo/iot-lab/iot-lab/parts/RIOT/examples/hello-world/bin/iotlab-m3/board/mtd.o
LOAD /senslab/users/kmoncayo/iot-lab/iot-lab/parts/RIOT/examples/hello-world/bin/iotlab-m3/boards_common_iotlab/board_init.o
LOAD /senslab/users/kmoncayo/iot-lab/iot-lab/parts/RIOT/examples/hello-world/bin/iotlab-m3/core/assert.o
LOAD /senslab/users/kmoncayo/iot-lab/iot-lab/parts/RIOT/examples/hello-world/bin/iotlab-m3/core/atomic_c11.o
LOAD /senslab/users/kmoncayo/iot-lab/iot-lab/parts/RIOT/examples/hello-world/bin/iotlab-m3/core/atomic_sync.o
LOAD /senslab/users/kmoncayo/iot-lab/iot-lab/parts/RIOT/examples/hello-world/bin/iotlab-m3/core/bitarithm.o
LOAD /senslab/users/kmoncayo/iot-lab/iot-lab/parts/RIOT/examples/hello-world/bin/iotlab-m3/core/clist.o
LOAD /senslab/users/kmoncayo/iot-lab/iot-lab/parts/RIOT/examples/hello-world/bin/iotlab-m3/core/cond.o
LOAD /senslab/users/kmoncayo/iot-lab/iot-lab/parts/RIOT/examples/hello-world/bin/iotlab-m3/core/init.o
LOAD /senslab/users/kmoncayo/iot-lab/iot-lab/parts/RIOT/examples/hello-world/bin/iotlab-m3/core/msg.o
LOAD /senslab/users/kmoncayo/iot-lab/iot-lab/parts/RIOT/examples/hello-world/bin/iotlab-m3/core/mutex.o
LOAD /senslab/users/kmoncayo/iot-lab/iot-lab/parts/RIOT/examples/hello-world/bin/iotlab-m3/core/panic.o
LOAD /senslab/users/kmoncayo/iot-lab/iot-lab/parts/RIOT/examples/hello-world/bin/iotlab-m3/core/priority_queue.o
LOAD /senslab/users/kmoncayo/iot-lab/iot-lab/parts/RIOT/examples/hello-world/bin/iotlab-m3/core/ringbuffer.o
LOAD /senslab/users/kmoncayo/iot-lab/iot-lab/parts/RIOT/examples/hello-world/bin/iotlab-m3/core/rmutex.o
LOAD /senslab/users/kmoncayo/iot-lab/iot-lab/parts/RIOT/examples/hello-world/bin/iotlab-m3/core/sched.o
LOAD /senslab/users/kmoncayo/iot-lab/iot-lab/parts/RIOT/examples/hello-world/bin/iotlab-m3/core/thread.o
LOAD /senslab/users/kmoncayo/iot-lab/iot-lab/parts/RIOT/examples/hello-world/bin/iotlab-m3/cortexm_common/cortexm_init.o
LOAD /senslab/users/kmoncayo/iot-lab/iot-lab/parts/RIOT/examples/hello-world/bin/iotlab-m3/cortexm_common/mpu.o
LOAD /senslab/users/kmoncayo/iot-lab/iot-lab/parts/RIOT/examples/hello-world/bin/iotlab-m3/cortexm_common/panic.o
LOAD /senslab/users/kmoncayo/iot-lab/iot-lab/parts/RIOT/examples/hello-world/bin/iotlab-m3/cortexm_common_periph/pm.o
LOAD /senslab/users/kmoncayo/iot-lab/iot-lab/parts/RIOT/examples/hello-world/bin/iotlab-m3/cortexm_common/thread_arch.o
LOAD /senslab/users/kmoncayo/iot-lab/iot-lab/parts/RIOT/examples/hello-world/bin/iotlab-m3/cortexm_common/vectors_cortexm.o
LOAD /senslab/users/kmoncayo/iot-lab/iot-lab/parts/RIOT/examples/hello-world/bin/iotlab-m3/cpu/cpu_common.o
LOAD /senslab/users/kmoncayo/iot-lab/iot-lab/parts/RIOT/examples/hello-world/bin/iotlab-m3/cpu/cpu_init.o
LOAD /senslab/users/kmoncayo/iot-lab/iot-lab/parts/RIOT/examples/hello-world/bin/iotlab-m3/malloc_thread_safe/malloc_wrappers.o
LOAD /senslab/users/kmoncayo/iot-lab/iot-lab/parts/RIOT/examples/hello-world/bin/iotlab-m3/newlib_syscalls_default/syscalls.o
LOAD /senslab/users/kmoncayo/iot-lab/iot-lab/parts/RIOT/examples/hello-world/bin/iotlab-m3/periph_common/gpio.o
LOAD /senslab/users/kmoncayo/iot-lab/iot-lab/parts/RIOT/examples/hello-world/bin/iotlab-m3/periph_common/init.o
LOAD /senslab/users/kmoncayo/iot-lab/iot-lab/parts/RIOT/examples/hello-world/bin/iotlab-m3/periph_common/pm.o
LOAD /senslab/users/kmoncayo/iot-lab/iot-lab/parts/RIOT/examples/hello-world/bin/iotlab-m3/periph/gpio_f1.o
LOAD /senslab/users/kmoncayo/iot-lab/iot-lab/parts/RIOT/examples/hello-world/bin/iotlab-m3/periph/pm.o
LOAD /senslab/users/kmoncayo/iot-lab/iot-lab/parts/RIOT/examples/hello-world/bin/iotlab-m3/periph/uart.o
LOAD /senslab/users/kmoncayo/iot-lab/iot-lab/parts/RIOT/examples/hello-world/bin/iotlab-m3/pm_layered/pm.o
LOAD /senslab/users/kmoncayo/iot-lab/iot-lab/parts/RIOT/examples/hello-world/bin/iotlab-m3/stdio_uart/stdio_uart.o
LOAD /senslab/users/kmoncayo/iot-lab/iot-lab/parts/RIOT/examples/hello-world/bin/iotlab-m3/stm32_clk/stmclk_common.o
LOAD /senslab/users/kmoncayo/iot-lab/iot-lab/parts/RIOT/examples/hello-world/bin/iotlab-m3/stm32_clk/stmclk_f0f1f3.o
LOAD /senslab/users/kmoncayo/iot-lab/iot-lab/parts/RIOT/examples/hello-world/bin/iotlab-m3/stm32_vectors/STM32F103xE.o
LOAD /opt/gcc-arm-none-eabi-9-2020-q2-update/bin/../lib/gcc/arm-none-eabi/9.3.1/../../../../arm-none-eabi/lib/thumb/v7-m/nofp/libm.a
LOAD /opt/gcc-arm-none-eabi-9-2020-q2-update/bin/../lib/gcc/arm-none-eabi/9.3.1/thumb/v7-m/nofp/libgcc.a
                0x0000000008000000                _rom_start_addr = 0x8000000
                0x0000000020000000                _ram_start_addr = 0x20000000
                0x0000000000080000                _rom_length = 0x80000
                0x0000000000010000                _ram_length = 0x10000
LOAD /opt/gcc-arm-none-eabi-9-2020-q2-update/bin/../lib/gcc/arm-none-eabi/9.3.1/../../../../arm-none-eabi/lib/thumb/v7-m/nofp/libc_nano.a
START GROUP
LOAD /opt/gcc-arm-none-eabi-9-2020-q2-update/bin/../lib/gcc/arm-none-eabi/9.3.1/thumb/v7-m/nofp/libgcc.a
LOAD /opt/gcc-arm-none-eabi-9-2020-q2-update/bin/../lib/gcc/arm-none-eabi/9.3.1/../../../../arm-none-eabi/lib/thumb/v7-m/nofp/libg_nano.a
LOAD /opt/gcc-arm-none-eabi-9-2020-q2-update/bin/../lib/gcc/arm-none-eabi/9.3.1/../../../../arm-none-eabi/lib/thumb/v7-m/nofp/libc_nano.a
END GROUP
START GROUP
LOAD /opt/gcc-arm-none-eabi-9-2020-q2-update/bin/../lib/gcc/arm-none-eabi/9.3.1/thumb/v7-m/nofp/libgcc.a
LOAD /opt/gcc-arm-none-eabi-9-2020-q2-update/bin/../lib/gcc/arm-none-eabi/9.3.1/../../../../arm-none-eabi/lib/thumb/v7-m/nofp/libc_nano.a
END GROUP
                0x0000000000000000                ccmram_length = DEFINED (ccmram_len)?ccmram_len:0x0
                0x0000000000000000                sram4_length = DEFINED (sram4_length)?sram4_length:0x0

.heap2          0x0000000000000000        0x0
                0x0000000000000000                _sheap1 = .
                0x0000000000000000                _eheap1 = (ORIGIN (sram4) + LENGTH (sram4))
                0x0000000000000000                _rom_offset = DEFINED (_rom_offset)?_rom_offset:0x0
                0x0000000000080000                _fw_rom_length = DEFINED (_fw_rom_length)?_fw_rom_length:(_rom_length - _rom_offset)
                0x0000000000000001                ASSERT ((_fw_rom_length <= (_rom_length - _rom_offset)), Specified firmware size does not fit in ROM)
                0x0000000000000000                _backup_ram_start_addr = DEFINED (_backup_ram_start_addr)?_backup_ram_start_addr:0x0
                0x0000000000000000                _backup_ram_len = DEFINED (_backup_ram_len)?_backup_ram_len:0x0

.text           0x0000000008000000     0x2194
                0x0000000008000000                . = ALIGN (0x4)
                0x0000000008000000                _sfixed = .
                0x0000000008000000                _isr_vectors = DEFINED (_isr_vectors)?_isr_vectors:.
 *(SORT_BY_NAME(.vectors*))
 .vectors.0     0x0000000008000000       0x40 /senslab/users/kmoncayo/iot-lab/iot-lab/parts/RIOT/examples/hello-world/bin/iotlab-m3/cortexm_common/vectors_cortexm.o
                0x0000000008000000                cortex_vector_base
 .vectors.1     0x0000000008000040       0xf0 /senslab/users/kmoncayo/iot-lab/iot-lab/parts/RIOT/examples/hello-world/bin/iotlab-m3/stm32_vectors/STM32F103xE.o
                0x0000000008000040                vector_cpu
 *(.text .text.* .gnu.linkonce.t.*)
 .text.startup.main
                0x0000000008000130       0x30 /senslab/users/kmoncayo/iot-lab/iot-lab/parts/RIOT/examples/hello-world/bin/iotlab-m3/application_hello-world/main.o
                0x0000000008000130                main
 .text.auto_init
                0x0000000008000160        0x2 /senslab/users/kmoncayo/iot-lab/iot-lab/parts/RIOT/examples/hello-world/bin/iotlab-m3/auto_init/auto_init.o
                0x0000000008000160                auto_init
 *fill*         0x0000000008000162        0x2 
 .text.board_init
                0x0000000008000164       0x44 /senslab/users/kmoncayo/iot-lab/iot-lab/parts/RIOT/examples/hello-world/bin/iotlab-m3/boards_common_iotlab/board_init.o
                0x0000000008000164                board_init
 .text.main_trampoline
                0x00000000080001a8       0x18 /senslab/users/kmoncayo/iot-lab/iot-lab/parts/RIOT/examples/hello-world/bin/iotlab-m3/core/init.o
 .text.kernel_init
                0x00000000080001c0       0x34 /senslab/users/kmoncayo/iot-lab/iot-lab/parts/RIOT/examples/hello-world/bin/iotlab-m3/core/init.o
                0x00000000080001c0                kernel_init
 .text.panic_app
                0x00000000080001f4        0x2 /senslab/users/kmoncayo/iot-lab/iot-lab/parts/RIOT/examples/hello-world/bin/iotlab-m3/core/panic.o
                0x00000000080001f4                panic_app
 *fill*         0x00000000080001f6        0x2 
 .text.core_panic
                0x00000000080001f8       0x50 /senslab/users/kmoncayo/iot-lab/iot-lab/parts/RIOT/examples/hello-world/bin/iotlab-m3/core/panic.o
                0x00000000080001f8                core_panic
 .text._unschedule
                0x0000000008000248       0x24 /senslab/users/kmoncayo/iot-lab/iot-lab/parts/RIOT/examples/hello-world/bin/iotlab-m3/core/sched.o
 .text.sched_run
                0x000000000800026c       0x6c /senslab/users/kmoncayo/iot-lab/iot-lab/parts/RIOT/examples/hello-world/bin/iotlab-m3/core/sched.o
                0x000000000800026c                sched_run
 .text.sched_set_status
                0x00000000080002d8       0x84 /senslab/users/kmoncayo/iot-lab/iot-lab/parts/RIOT/examples/hello-world/bin/iotlab-m3/core/sched.o
                0x00000000080002d8                sched_set_status
 .text.sched_switch
                0x000000000800035c       0x3c /senslab/users/kmoncayo/iot-lab/iot-lab/parts/RIOT/examples/hello-world/bin/iotlab-m3/core/sched.o
                0x000000000800035c                sched_switch
 .text.sched_task_exit
                0x0000000008000398       0x3c /senslab/users/kmoncayo/iot-lab/iot-lab/parts/RIOT/examples/hello-world/bin/iotlab-m3/core/sched.o
                0x0000000008000398                sched_task_exit
 .text.thread_getname
                0x00000000080003d4       0x1c /senslab/users/kmoncayo/iot-lab/iot-lab/parts/RIOT/examples/hello-world/bin/iotlab-m3/core/thread.o
                0x00000000080003d4                thread_getname
 .text.thread_create
                0x00000000080003f0       0xe8 /senslab/users/kmoncayo/iot-lab/iot-lab/parts/RIOT/examples/hello-world/bin/iotlab-m3/core/thread.o
                0x00000000080003f0                thread_create
 .text.cortexm_init
                0x00000000080004d8       0x40 /senslab/users/kmoncayo/iot-lab/iot-lab/parts/RIOT/examples/hello-world/bin/iotlab-m3/cortexm_common/cortexm_init.o
                0x00000000080004d8                cortexm_init
 .text.panic_arch
                0x0000000008000518       0x1c /senslab/users/kmoncayo/iot-lab/iot-lab/parts/RIOT/examples/hello-world/bin/iotlab-m3/cortexm_common/panic.o
                0x0000000008000518                panic_arch
 .text.thread_stack_init
                0x0000000008000534       0x68 /senslab/users/kmoncayo/iot-lab/iot-lab/parts/RIOT/examples/hello-world/bin/iotlab-m3/cortexm_common/thread_arch.o
                0x0000000008000534                thread_stack_init
 .text.cpu_switch_context_exit
                0x000000000800059c       0x18 /senslab/users/kmoncayo/iot-lab/iot-lab/parts/RIOT/examples/hello-world/bin/iotlab-m3/cortexm_common/thread_arch.o
                0x000000000800059c                cpu_switch_context_exit
 .text.isr_pendsv
                0x00000000080005b4       0x38 /senslab/users/kmoncayo/iot-lab/iot-lab/parts/RIOT/examples/hello-world/bin/iotlab-m3/cortexm_common/thread_arch.o
                0x00000000080005b4                isr_pendsv
 .text.isr_svc  0x00000000080005ec       0x10 /senslab/users/kmoncayo/iot-lab/iot-lab/parts/RIOT/examples/hello-world/bin/iotlab-m3/cortexm_common/thread_arch.o
                0x00000000080005ec                isr_svc
 .text.sched_arch_idle
                0x00000000080005fc       0x10 /senslab/users/kmoncayo/iot-lab/iot-lab/parts/RIOT/examples/hello-world/bin/iotlab-m3/cortexm_common/thread_arch.o
                0x00000000080005fc                sched_arch_idle
 .text.hard_fault_default
                0x000000000800060c       0x44 /senslab/users/kmoncayo/iot-lab/iot-lab/parts/RIOT/examples/hello-world/bin/iotlab-m3/cortexm_common/vectors_cortexm.o
                0x000000000800060c                hard_fault_default
 .text.nmi_default
                0x0000000008000650       0x10 /senslab/users/kmoncayo/iot-lab/iot-lab/parts/RIOT/examples/hello-world/bin/iotlab-m3/cortexm_common/vectors_cortexm.o
                0x0000000008000650                nmi_default
 .text.mem_manage_default
                0x0000000008000660       0x10 /senslab/users/kmoncayo/iot-lab/iot-lab/parts/RIOT/examples/hello-world/bin/iotlab-m3/cortexm_common/vectors_cortexm.o
                0x0000000008000660                mem_manage_default
 .text.bus_fault_default
                0x0000000008000670       0x10 /senslab/users/kmoncayo/iot-lab/iot-lab/parts/RIOT/examples/hello-world/bin/iotlab-m3/cortexm_common/vectors_cortexm.o
                0x0000000008000670                bus_fault_default
 .text.usage_fault_default
                0x0000000008000680       0x10 /senslab/users/kmoncayo/iot-lab/iot-lab/parts/RIOT/examples/hello-world/bin/iotlab-m3/cortexm_common/vectors_cortexm.o
                0x0000000008000680                usage_fault_default
 .text.debug_mon_default
                0x0000000008000690       0x10 /senslab/users/kmoncayo/iot-lab/iot-lab/parts/RIOT/examples/hello-world/bin/iotlab-m3/cortexm_common/vectors_cortexm.o
                0x0000000008000690                debug_mon_default
 .text.dummy_handler_default
                0x00000000080006a0       0x10 /senslab/users/kmoncayo/iot-lab/iot-lab/parts/RIOT/examples/hello-world/bin/iotlab-m3/cortexm_common/vectors_cortexm.o
                0x00000000080006a0                dummy_handler_default
                0x00000000080006a0                isr_systick
 .text.pre_startup
                0x00000000080006b0        0x2 /senslab/users/kmoncayo/iot-lab/iot-lab/parts/RIOT/examples/hello-world/bin/iotlab-m3/cortexm_common/vectors_cortexm.o
                0x00000000080006b0                pre_startup
 .text.post_startup
                0x00000000080006b2        0x2 /senslab/users/kmoncayo/iot-lab/iot-lab/parts/RIOT/examples/hello-world/bin/iotlab-m3/cortexm_common/vectors_cortexm.o
                0x00000000080006b2                post_startup
 .text.reset_handler_default
                0x00000000080006b4       0x70 /senslab/users/kmoncayo/iot-lab/iot-lab/parts/RIOT/examples/hello-world/bin/iotlab-m3/cortexm_common/vectors_cortexm.o
                0x00000000080006b4                reset_handler_default
 .text.hard_fault_handler
                0x0000000008000724      0x1bc /senslab/users/kmoncayo/iot-lab/iot-lab/parts/RIOT/examples/hello-world/bin/iotlab-m3/cortexm_common/vectors_cortexm.o
                0x0000000008000724                hard_fault_handler
 .text.periph_apb_clk
                0x00000000080008e0       0x18 /senslab/users/kmoncayo/iot-lab/iot-lab/parts/RIOT/examples/hello-world/bin/iotlab-m3/cpu/cpu_common.o
                0x00000000080008e0                periph_apb_clk
 .text.periph_clk_en
                0x00000000080008f8       0x30 /senslab/users/kmoncayo/iot-lab/iot-lab/parts/RIOT/examples/hello-world/bin/iotlab-m3/cpu/cpu_common.o
                0x00000000080008f8                periph_clk_en
 .text.cpu_init
                0x0000000008000928       0xa0 /senslab/users/kmoncayo/iot-lab/iot-lab/parts/RIOT/examples/hello-world/bin/iotlab-m3/cpu/cpu_init.o
                0x0000000008000928                cpu_init
 .text._init    0x00000000080009c8        0x2 /senslab/users/kmoncayo/iot-lab/iot-lab/parts/RIOT/examples/hello-world/bin/iotlab-m3/newlib_syscalls_default/syscalls.o
                0x00000000080009c8                _init
 .text._fini    0x00000000080009ca        0x2 /senslab/users/kmoncayo/iot-lab/iot-lab/parts/RIOT/examples/hello-world/bin/iotlab-m3/newlib_syscalls_default/syscalls.o
                0x00000000080009ca                _fini
 .text._sbrk_r  0x00000000080009cc       0x40 /senslab/users/kmoncayo/iot-lab/iot-lab/parts/RIOT/examples/hello-world/bin/iotlab-m3/newlib_syscalls_default/syscalls.o
                0x00000000080009cc                _sbrk_r
 .text._read_r  0x0000000008000a0c        0x8 /senslab/users/kmoncayo/iot-lab/iot-lab/parts/RIOT/examples/hello-world/bin/iotlab-m3/newlib_syscalls_default/syscalls.o
                0x0000000008000a0c                _read_r
 .text._write_r
                0x0000000008000a14        0x8 /senslab/users/kmoncayo/iot-lab/iot-lab/parts/RIOT/examples/hello-world/bin/iotlab-m3/newlib_syscalls_default/syscalls.o
                0x0000000008000a14                _write_r
 .text._close_r
                0x0000000008000a1c        0xa /senslab/users/kmoncayo/iot-lab/iot-lab/parts/RIOT/examples/hello-world/bin/iotlab-m3/newlib_syscalls_default/syscalls.o
                0x0000000008000a1c                _close_r
 .text._lseek_r
                0x0000000008000a26        0xa /senslab/users/kmoncayo/iot-lab/iot-lab/parts/RIOT/examples/hello-world/bin/iotlab-m3/newlib_syscalls_default/syscalls.o
                0x0000000008000a26                _lseek_r
 .text._fstat_r
                0x0000000008000a30        0xa /senslab/users/kmoncayo/iot-lab/iot-lab/parts/RIOT/examples/hello-world/bin/iotlab-m3/newlib_syscalls_default/syscalls.o
                0x0000000008000a30                _fstat_r
 .text._isatty_r
                0x0000000008000a3a        0xe /senslab/users/kmoncayo/iot-lab/iot-lab/parts/RIOT/examples/hello-world/bin/iotlab-m3/newlib_syscalls_default/syscalls.o
                0x0000000008000a3a                _isatty_r
 .text.periph_init
                0x0000000008000a48        0x2 /senslab/users/kmoncayo/iot-lab/iot-lab/parts/RIOT/examples/hello-world/bin/iotlab-m3/periph_common/init.o
                0x0000000008000a48                periph_init
 .text.set_mode_or_af
                0x0000000008000a4a       0x26 /senslab/users/kmoncayo/iot-lab/iot-lab/parts/RIOT/examples/hello-world/bin/iotlab-m3/periph/gpio_f1.o
 .text.gpio_init
                0x0000000008000a70       0x4e /senslab/users/kmoncayo/iot-lab/iot-lab/parts/RIOT/examples/hello-world/bin/iotlab-m3/periph/gpio_f1.o
                0x0000000008000a70                gpio_init
 .text.gpio_init_af
                0x0000000008000abe       0x28 /senslab/users/kmoncayo/iot-lab/iot-lab/parts/RIOT/examples/hello-world/bin/iotlab-m3/periph/gpio_f1.o
                0x0000000008000abe                gpio_init_af
 .text.gpio_set
                0x0000000008000ae6       0x12 /senslab/users/kmoncayo/iot-lab/iot-lab/parts/RIOT/examples/hello-world/bin/iotlab-m3/periph/gpio_f1.o
                0x0000000008000ae6                gpio_set
 .text.pm_set   0x0000000008000af8       0x6c /senslab/users/kmoncayo/iot-lab/iot-lab/parts/RIOT/examples/hello-world/bin/iotlab-m3/periph/pm.o
                0x0000000008000af8                pm_set
 .text.irq_handler
                0x0000000008000b64       0x50 /senslab/users/kmoncayo/iot-lab/iot-lab/parts/RIOT/examples/hello-world/bin/iotlab-m3/periph/uart.o
 .text.uart_enable_clock
                0x0000000008000bb4       0x30 /senslab/users/kmoncayo/iot-lab/iot-lab/parts/RIOT/examples/hello-world/bin/iotlab-m3/periph/uart.o
 .text.uart_init
                0x0000000008000be4       0x94 /senslab/users/kmoncayo/iot-lab/iot-lab/parts/RIOT/examples/hello-world/bin/iotlab-m3/periph/uart.o
                0x0000000008000be4                uart_init
 .text.uart_write
                0x0000000008000c78       0x40 /senslab/users/kmoncayo/iot-lab/iot-lab/parts/RIOT/examples/hello-world/bin/iotlab-m3/periph/uart.o
                0x0000000008000c78                uart_write
 .text.isr_usart1
                0x0000000008000cb8        0x6 /senslab/users/kmoncayo/iot-lab/iot-lab/parts/RIOT/examples/hello-world/bin/iotlab-m3/periph/uart.o
                0x0000000008000cb8                isr_usart1
 .text.isr_usart2
                0x0000000008000cbe        0x6 /senslab/users/kmoncayo/iot-lab/iot-lab/parts/RIOT/examples/hello-world/bin/iotlab-m3/periph/uart.o
                0x0000000008000cbe                isr_usart2
 .text.pm_set_lowest
                0x0000000008000cc4       0x3c /senslab/users/kmoncayo/iot-lab/iot-lab/parts/RIOT/examples/hello-world/bin/iotlab-m3/pm_layered/pm.o
                0x0000000008000cc4                pm_set_lowest
 .text.pm_block
                0x0000000008000d00       0x2c /senslab/users/kmoncayo/iot-lab/iot-lab/parts/RIOT/examples/hello-world/bin/iotlab-m3/pm_layered/pm.o
                0x0000000008000d00                pm_block
 .text.pm_off   0x0000000008000d2c       0x10 /senslab/users/kmoncayo/iot-lab/iot-lab/parts/RIOT/examples/hello-world/bin/iotlab-m3/pm_layered/pm.o
                0x0000000008000d2c                pm_off
 .text.stdio_init
                0x0000000008000d3c       0x10 /senslab/users/kmoncayo/iot-lab/iot-lab/parts/RIOT/examples/hello-world/bin/iotlab-m3/stdio_uart/stdio_uart.o
                0x0000000008000d3c                stdio_init
 .text.stdio_read
                0x0000000008000d4c        0x6 /senslab/users/kmoncayo/iot-lab/iot-lab/parts/RIOT/examples/hello-world/bin/iotlab-m3/stdio_uart/stdio_uart.o
                0x0000000008000d4c                stdio_read
 .text.stdio_write
                0x0000000008000d52       0x12 /senslab/users/kmoncayo/iot-lab/iot-lab/parts/RIOT/examples/hello-world/bin/iotlab-m3/stdio_uart/stdio_uart.o
                0x0000000008000d52                stdio_write
 .text.stmclk_enable_hsi
                0x0000000008000d64       0x18 /senslab/users/kmoncayo/iot-lab/iot-lab/parts/RIOT/examples/hello-world/bin/iotlab-m3/stm32_clk/stmclk_common.o
                0x0000000008000d64                stmclk_enable_hsi
 .text.stmclk_disable_hsi
                0x0000000008000d7c       0x10 /senslab/users/kmoncayo/iot-lab/iot-lab/parts/RIOT/examples/hello-world/bin/iotlab-m3/stm32_clk/stmclk_common.o
                0x0000000008000d7c                stmclk_disable_hsi
 .text.stmclk_init_sysclk
                0x0000000008000d8c       0x84 /senslab/users/kmoncayo/iot-lab/iot-lab/parts/RIOT/examples/hello-world/bin/iotlab-m3/stm32_clk/stmclk_f0f1f3.o
                0x0000000008000d8c                stmclk_init_sysclk
 .text.dummy_handler
                0x0000000008000e10        0x4 /senslab/users/kmoncayo/iot-lab/iot-lab/parts/RIOT/examples/hello-world/bin/iotlab-m3/stm32_vectors/STM32F103xE.o
                0x0000000008000e10                isr_pvd
                0x0000000008000e10                isr_usb_lp_can1_rx0
                0x0000000008000e10                isr_exti
                0x0000000008000e10                isr_dma1_channel4
                0x0000000008000e10                isr_tim7
                0x0000000008000e10                isr_tim5
                0x0000000008000e10                isr_i2c1_ev
                0x0000000008000e10                isr_tim1_brk
                0x0000000008000e10                isr_dma1_channel5
                0x0000000008000e10                isr_tim4
                0x0000000008000e10                isr_dma1_channel2
                0x0000000008000e10                isr_adc3
                0x0000000008000e10                isr_can1_sce
                0x0000000008000e10                isr_dma1_channel7
                0x0000000008000e10                isr_usb_hp_can1_tx
                0x0000000008000e10                isr_tim1_up
                0x0000000008000e10                isr_tim2
                0x0000000008000e10                isr_sdio
                0x0000000008000e10                isr_spi2
                0x0000000008000e10                isr_tim1_trg_com
                0x0000000008000e10                isr_dma1_channel1
                0x0000000008000e10                dummy_handler
                0x0000000008000e10                isr_adc1_2
                0x0000000008000e10                isr_can1_rx1
                0x0000000008000e10                isr_fsmc
                0x0000000008000e10                isr_spi1
                0x0000000008000e10                isr_tim6
                0x0000000008000e10                isr_rcc
                0x0000000008000e10                isr_flash
                0x0000000008000e10                isr_uart5
                0x0000000008000e10                isr_rtc
                0x0000000008000e10                isr_tim1_cc
                0x0000000008000e10                isr_usbwakeup
                0x0000000008000e10                isr_dma2_channel1
                0x0000000008000e10                isr_uart4
                0x0000000008000e10                isr_tim8_brk
                0x0000000008000e10                isr_i2c2_er
                0x0000000008000e10                isr_dma2_channel4_5
                0x0000000008000e10                isr_dma1_channel6
                0x0000000008000e10                isr_spi3
                0x0000000008000e10                isr_tim3
                0x0000000008000e10                isr_tim8_up
                0x0000000008000e10                isr_usart3
                0x0000000008000e10                isr_tim8_cc
                0x0000000008000e10                isr_i2c2_ev
                0x0000000008000e10                isr_dma2_channel2
                0x0000000008000e10                isr_dma2_channel3
                0x0000000008000e10                isr_rtc_alarm
                0x0000000008000e10                isr_tamper
                0x0000000008000e10                isr_dma1_channel3
                0x0000000008000e10                isr_tim8_trg_com
                0x0000000008000e10                isr_i2c1_er
                0x0000000008000e10                isr_wwdg
 .text.__libc_init_array
                0x0000000008000e14       0x48 /opt/gcc-arm-none-eabi-9-2020-q2-update/bin/../lib/gcc/arm-none-eabi/9.3.1/../../../../arm-none-eabi/lib/thumb/v7-m/nofp/libc_nano.a(lib_a-init.o)
                0x0000000008000e14                __libc_init_array
 .text.memset   0x0000000008000e5c       0x10 /opt/gcc-arm-none-eabi-9-2020-q2-update/bin/../lib/gcc/arm-none-eabi/9.3.1/../../../../arm-none-eabi/lib/thumb/v7-m/nofp/libc_nano.a(lib_a-memset.o)
                0x0000000008000e5c                memset
 .text._free_r  0x0000000008000e6c       0x98 /opt/gcc-arm-none-eabi-9-2020-q2-update/bin/../lib/gcc/arm-none-eabi/9.3.1/../../../../arm-none-eabi/lib/thumb/v7-m/nofp/libc_nano.a(lib_a-nano-freer.o)
                0x0000000008000e6c                _free_r
 .text._malloc_r
                0x0000000008000f04       0xb4 /opt/gcc-arm-none-eabi-9-2020-q2-update/bin/../lib/gcc/arm-none-eabi/9.3.1/../../../../arm-none-eabi/lib/thumb/v7-m/nofp/libc_nano.a(lib_a-nano-mallocr.o)
                0x0000000008000f04                _malloc_r
 .text.printf   0x0000000008000fb8       0x30 /opt/gcc-arm-none-eabi-9-2020-q2-update/bin/../lib/gcc/arm-none-eabi/9.3.1/../../../../arm-none-eabi/lib/thumb/v7-m/nofp/libc_nano.a(lib_a-printf.o)
                0x0000000008000fb8                printf
                0x0000000008000fb8                iprintf
 .text._puts_r  0x0000000008000fe8       0xdc /opt/gcc-arm-none-eabi-9-2020-q2-update/bin/../lib/gcc/arm-none-eabi/9.3.1/../../../../arm-none-eabi/lib/thumb/v7-m/nofp/libc_nano.a(lib_a-puts.o)
                0x0000000008000fe8                _puts_r
 .text.puts     0x00000000080010c4       0x10 /opt/gcc-arm-none-eabi-9-2020-q2-update/bin/../lib/gcc/arm-none-eabi/9.3.1/../../../../arm-none-eabi/lib/thumb/v7-m/nofp/libc_nano.a(lib_a-puts.o)
                0x00000000080010c4                puts
 .text.__swbuf_r
                0x00000000080010d4       0xa4 /opt/gcc-arm-none-eabi-9-2020-q2-update/bin/../lib/gcc/arm-none-eabi/9.3.1/../../../../arm-none-eabi/lib/thumb/v7-m/nofp/libc_nano.a(lib_a-wbuf.o)
                0x00000000080010d4                __swbuf_r
 .text.__swsetup_r
                0x0000000008001178       0xdc /opt/gcc-arm-none-eabi-9-2020-q2-update/bin/../lib/gcc/arm-none-eabi/9.3.1/../../../../arm-none-eabi/lib/thumb/v7-m/nofp/libc_nano.a(lib_a-wsetup.o)
                0x0000000008001178                __swsetup_r
 .text.__sflush_r
                0x0000000008001254      0x10c /opt/gcc-arm-none-eabi-9-2020-q2-update/bin/../lib/gcc/arm-none-eabi/9.3.1/../../../../arm-none-eabi/lib/thumb/v7-m/nofp/libc_nano.a(lib_a-fflush.o)
                0x0000000008001254                __sflush_r
 .text._fflush_r
                0x0000000008001360       0x78 /opt/gcc-arm-none-eabi-9-2020-q2-update/bin/../lib/gcc/arm-none-eabi/9.3.1/../../../../arm-none-eabi/lib/thumb/v7-m/nofp/libc_nano.a(lib_a-fflush.o)
                0x0000000008001360                _fflush_r
 .text.std      0x00000000080013d8       0x48 /opt/gcc-arm-none-eabi-9-2020-q2-update/bin/../lib/gcc/arm-none-eabi/9.3.1/../../../../arm-none-eabi/lib/thumb/v7-m/nofp/libc_nano.a(lib_a-findfp.o)
 .text._cleanup_r
                0x0000000008001420        0xc /opt/gcc-arm-none-eabi-9-2020-q2-update/bin/../lib/gcc/arm-none-eabi/9.3.1/../../../../arm-none-eabi/lib/thumb/v7-m/nofp/libc_nano.a(lib_a-findfp.o)
                0x0000000008001420                _cleanup_r
 .text.__sfmoreglue
                0x000000000800142c       0x2c /opt/gcc-arm-none-eabi-9-2020-q2-update/bin/../lib/gcc/arm-none-eabi/9.3.1/../../../../arm-none-eabi/lib/thumb/v7-m/nofp/libc_nano.a(lib_a-findfp.o)
                0x000000000800142c                __sfmoreglue
 .text.__sfp_lock_acquire
                0x0000000008001458        0xc /opt/gcc-arm-none-eabi-9-2020-q2-update/bin/../lib/gcc/arm-none-eabi/9.3.1/../../../../arm-none-eabi/lib/thumb/v7-m/nofp/libc_nano.a(lib_a-findfp.o)
                0x0000000008001458                __sfp_lock_acquire
 .text.__sfp_lock_release
                0x0000000008001464        0xc /opt/gcc-arm-none-eabi-9-2020-q2-update/bin/../lib/gcc/arm-none-eabi/9.3.1/../../../../arm-none-eabi/lib/thumb/v7-m/nofp/libc_nano.a(lib_a-findfp.o)
                0x0000000008001464                __sfp_lock_release
 .text.__sinit_lock_acquire
                0x0000000008001470        0xc /opt/gcc-arm-none-eabi-9-2020-q2-update/bin/../lib/gcc/arm-none-eabi/9.3.1/../../../../arm-none-eabi/lib/thumb/v7-m/nofp/libc_nano.a(lib_a-findfp.o)
                0x0000000008001470                __sinit_lock_acquire
 .text.__sinit_lock_release
                0x000000000800147c        0xc /opt/gcc-arm-none-eabi-9-2020-q2-update/bin/../lib/gcc/arm-none-eabi/9.3.1/../../../../arm-none-eabi/lib/thumb/v7-m/nofp/libc_nano.a(lib_a-findfp.o)
                0x000000000800147c                __sinit_lock_release
 .text.__sinit  0x0000000008001488       0x70 /opt/gcc-arm-none-eabi-9-2020-q2-update/bin/../lib/gcc/arm-none-eabi/9.3.1/../../../../arm-none-eabi/lib/thumb/v7-m/nofp/libc_nano.a(lib_a-findfp.o)
                0x0000000008001488                __sinit
 .text.__sfp    0x00000000080014f8       0x8c /opt/gcc-arm-none-eabi-9-2020-q2-update/bin/../lib/gcc/arm-none-eabi/9.3.1/../../../../arm-none-eabi/lib/thumb/v7-m/nofp/libc_nano.a(lib_a-findfp.o)
                0x00000000080014f8                __sfp
 .text._fwalk_reent
                0x0000000008001584       0x3e /opt/gcc-arm-none-eabi-9-2020-q2-update/bin/../lib/gcc/arm-none-eabi/9.3.1/../../../../arm-none-eabi/lib/thumb/v7-m/nofp/libc_nano.a(lib_a-fwalk.o)
                0x0000000008001584                _fwalk_reent
 .text.__retarget_lock_init_recursive
                0x00000000080015c2        0x2 /opt/gcc-arm-none-eabi-9-2020-q2-update/bin/../lib/gcc/arm-none-eabi/9.3.1/../../../../arm-none-eabi/lib/thumb/v7-m/nofp/libc_nano.a(lib_a-lock.o)
                0x00000000080015c2                __retarget_lock_init_recursive
 .text.__retarget_lock_acquire_recursive
                0x00000000080015c4        0x2 /opt/gcc-arm-none-eabi-9-2020-q2-update/bin/../lib/gcc/arm-none-eabi/9.3.1/../../../../arm-none-eabi/lib/thumb/v7-m/nofp/libc_nano.a(lib_a-lock.o)
                0x00000000080015c4                __retarget_lock_acquire_recursive
 .text.__retarget_lock_release_recursive
                0x00000000080015c6        0x2 /opt/gcc-arm-none-eabi-9-2020-q2-update/bin/../lib/gcc/arm-none-eabi/9.3.1/../../../../arm-none-eabi/lib/thumb/v7-m/nofp/libc_nano.a(lib_a-lock.o)
                0x00000000080015c6                __retarget_lock_release_recursive
 .text.__swhatbuf_r
                0x00000000080015c8       0x48 /opt/gcc-arm-none-eabi-9-2020-q2-update/bin/../lib/gcc/arm-none-eabi/9.3.1/../../../../arm-none-eabi/lib/thumb/v7-m/nofp/libc_nano.a(lib_a-makebuf.o)
                0x00000000080015c8                __swhatbuf_r
 .text.__smakebuf_r
                0x0000000008001610       0x80 /opt/gcc-arm-none-eabi-9-2020-q2-update/bin/../lib/gcc/arm-none-eabi/9.3.1/../../../../arm-none-eabi/lib/thumb/v7-m/nofp/libc_nano.a(lib_a-makebuf.o)
                0x0000000008001610                __smakebuf_r
 .text.__malloc_lock
                0x0000000008001690        0xc /opt/gcc-arm-none-eabi-9-2020-q2-update/bin/../lib/gcc/arm-none-eabi/9.3.1/../../../../arm-none-eabi/lib/thumb/v7-m/nofp/libc_nano.a(lib_a-mlock.o)
                0x0000000008001690                __malloc_lock
 .text.__malloc_unlock
                0x000000000800169c        0xc /opt/gcc-arm-none-eabi-9-2020-q2-update/bin/../lib/gcc/arm-none-eabi/9.3.1/../../../../arm-none-eabi/lib/thumb/v7-m/nofp/libc_nano.a(lib_a-mlock.o)
                0x000000000800169c                __malloc_unlock
 .text.__sfputc_r
                0x00000000080016a8       0x2a /opt/gcc-arm-none-eabi-9-2020-q2-update/bin/../lib/gcc/arm-none-eabi/9.3.1/../../../../arm-none-eabi/lib/thumb/v7-m/nofp/libc_nano.a(lib_a-nano-vfprintf.o)
 .text.__sfputs_r
                0x00000000080016d2       0x24 /opt/gcc-arm-none-eabi-9-2020-q2-update/bin/../lib/gcc/arm-none-eabi/9.3.1/../../../../arm-none-eabi/lib/thumb/v7-m/nofp/libc_nano.a(lib_a-nano-vfprintf.o)
                0x00000000080016d2                __sfputs_r
 *fill*         0x00000000080016f6        0x2 
 .text._vfprintf_r
                0x00000000080016f8      0x260 /opt/gcc-arm-none-eabi-9-2020-q2-update/bin/../lib/gcc/arm-none-eabi/9.3.1/../../../../arm-none-eabi/lib/thumb/v7-m/nofp/libc_nano.a(lib_a-nano-vfprintf.o)
                0x00000000080016f8                _vfiprintf_r
                0x00000000080016f8                _vfprintf_r
 .text._printf_common
                0x0000000008001958       0xde /opt/gcc-arm-none-eabi-9-2020-q2-update/bin/../lib/gcc/arm-none-eabi/9.3.1/../../../../arm-none-eabi/lib/thumb/v7-m/nofp/libc_nano.a(lib_a-nano-vfprintf_i.o)
                0x0000000008001958                _printf_common
 *fill*         0x0000000008001a36        0x2 
 .text._printf_i
                0x0000000008001a38      0x24c /opt/gcc-arm-none-eabi-9-2020-q2-update/bin/../lib/gcc/arm-none-eabi/9.3.1/../../../../arm-none-eabi/lib/thumb/v7-m/nofp/libc_nano.a(lib_a-nano-vfprintf_i.o)
                0x0000000008001a38                _printf_i
 .text.__sread  0x0000000008001c84       0x22 /opt/gcc-arm-none-eabi-9-2020-q2-update/bin/../lib/gcc/arm-none-eabi/9.3.1/../../../../arm-none-eabi/lib/thumb/v7-m/nofp/libc_nano.a(lib_a-stdio.o)
                0x0000000008001c84                __sread
 .text.__swrite
                0x0000000008001ca6       0x38 /opt/gcc-arm-none-eabi-9-2020-q2-update/bin/../lib/gcc/arm-none-eabi/9.3.1/../../../../arm-none-eabi/lib/thumb/v7-m/nofp/libc_nano.a(lib_a-stdio.o)
                0x0000000008001ca6                __swrite
 .text.__sseek  0x0000000008001cde       0x24 /opt/gcc-arm-none-eabi-9-2020-q2-update/bin/../lib/gcc/arm-none-eabi/9.3.1/../../../../arm-none-eabi/lib/thumb/v7-m/nofp/libc_nano.a(lib_a-stdio.o)
                0x0000000008001cde                __sseek
 .text.__sclose
                0x0000000008001d02        0x8 /opt/gcc-arm-none-eabi-9-2020-q2-update/bin/../lib/gcc/arm-none-eabi/9.3.1/../../../../arm-none-eabi/lib/thumb/v7-m/nofp/libc_nano.a(lib_a-stdio.o)
                0x0000000008001d02                __sclose
 .text.memchr   0x0000000008001d0a       0x1c /opt/gcc-arm-none-eabi-9-2020-q2-update/bin/../lib/gcc/arm-none-eabi/9.3.1/../../../../arm-none-eabi/lib/thumb/v7-m/nofp/libc_nano.a(lib_a-memchr-stub.o)
                0x0000000008001d0a                memchr
 *(.glue_7t)
 .glue_7t       0x0000000008001d26        0x0 linker stubs
 *(.glue_7)
 .glue_7        0x0000000008001d26        0x0 linker stubs
 *(.rodata .rodata* .gnu.linkonce.r.*)
 .rodata.main.str1.1
                0x0000000008001d26       0x67 /senslab/users/kmoncayo/iot-lab/iot-lab/parts/RIOT/examples/hello-world/bin/iotlab-m3/application_hello-world/main.o
 .rodata.main_trampoline.str1.1
                0x0000000008001d8d       0x2a /senslab/users/kmoncayo/iot-lab/iot-lab/parts/RIOT/examples/hello-world/bin/iotlab-m3/core/init.o
 .rodata.kernel_init.str1.1
                0x0000000008001db7        0x5 /senslab/users/kmoncayo/iot-lab/iot-lab/parts/RIOT/examples/hello-world/bin/iotlab-m3/core/init.o
 .rodata.core_panic.str1.1
                0x0000000008001dbc       0x2e /senslab/users/kmoncayo/iot-lab/iot-lab/parts/RIOT/examples/hello-world/bin/iotlab-m3/core/panic.o
 .rodata.assert_crash_message
                0x0000000008001dea       0x12 /senslab/users/kmoncayo/iot-lab/iot-lab/parts/RIOT/examples/hello-world/bin/iotlab-m3/core/panic.o
                0x0000000008001dea                assert_crash_message
 .rodata._unschedule.str1.1
                0x0000000008001dfc       0x2f /senslab/users/kmoncayo/iot-lab/iot-lab/parts/RIOT/examples/hello-world/bin/iotlab-m3/core/sched.o
 .rodata.panic_arch.str1.1
                0x0000000008001e2b        0xf /senslab/users/kmoncayo/iot-lab/iot-lab/parts/RIOT/examples/hello-world/bin/iotlab-m3/cortexm_common/panic.o
 .rodata.nmi_default.str1.1
                0x0000000008001e3a        0xc /senslab/users/kmoncayo/iot-lab/iot-lab/parts/RIOT/examples/hello-world/bin/iotlab-m3/cortexm_common/vectors_cortexm.o
 .rodata.mem_manage_default.str1.1
                0x0000000008001e46       0x13 /senslab/users/kmoncayo/iot-lab/iot-lab/parts/RIOT/examples/hello-world/bin/iotlab-m3/cortexm_common/vectors_cortexm.o
 .rodata.bus_fault_default.str1.1
                0x0000000008001e59       0x12 /senslab/users/kmoncayo/iot-lab/iot-lab/parts/RIOT/examples/hello-world/bin/iotlab-m3/cortexm_common/vectors_cortexm.o
 .rodata.usage_fault_default.str1.1
                0x0000000008001e6b       0x14 /senslab/users/kmoncayo/iot-lab/iot-lab/parts/RIOT/examples/hello-world/bin/iotlab-m3/cortexm_common/vectors_cortexm.o
 .rodata.debug_mon_default.str1.1
                0x0000000008001e7f       0x12 /senslab/users/kmoncayo/iot-lab/iot-lab/parts/RIOT/examples/hello-world/bin/iotlab-m3/cortexm_common/vectors_cortexm.o
 .rodata.dummy_handler_default.str1.1
                0x0000000008001e91        0xe /senslab/users/kmoncayo/iot-lab/iot-lab/parts/RIOT/examples/hello-world/bin/iotlab-m3/cortexm_common/vectors_cortexm.o
 .rodata.hard_fault_handler.str1.1
                0x0000000008001e9f      0x233 /senslab/users/kmoncayo/iot-lab/iot-lab/parts/RIOT/examples/hello-world/bin/iotlab-m3/cortexm_common/vectors_cortexm.o
 *fill*         0x00000000080020d2        0x2 
 .rodata.uart_config
                0x00000000080020d4       0x28 /senslab/users/kmoncayo/iot-lab/iot-lab/parts/RIOT/examples/hello-world/bin/iotlab-m3/periph/uart.o
 .rodata._global_impure_ptr
                0x00000000080020fc        0x4 /opt/gcc-arm-none-eabi-9-2020-q2-update/bin/../lib/gcc/arm-none-eabi/9.3.1/../../../../arm-none-eabi/lib/thumb/v7-m/nofp/libc_nano.a(lib_a-impure.o)
                0x00000000080020fc                _global_impure_ptr
 .rodata.__sf_fake_stderr
                0x0000000008002100       0x20 /opt/gcc-arm-none-eabi-9-2020-q2-update/bin/../lib/gcc/arm-none-eabi/9.3.1/../../../../arm-none-eabi/lib/thumb/v7-m/nofp/libc_nano.a(lib_a-findfp.o)
                0x0000000008002100                __sf_fake_stderr
 .rodata.__sf_fake_stdin
                0x0000000008002120       0x20 /opt/gcc-arm-none-eabi-9-2020-q2-update/bin/../lib/gcc/arm-none-eabi/9.3.1/../../../../arm-none-eabi/lib/thumb/v7-m/nofp/libc_nano.a(lib_a-findfp.o)
                0x0000000008002120                __sf_fake_stdin
 .rodata.__sf_fake_stdout
                0x0000000008002140       0x20 /opt/gcc-arm-none-eabi-9-2020-q2-update/bin/../lib/gcc/arm-none-eabi/9.3.1/../../../../arm-none-eabi/lib/thumb/v7-m/nofp/libc_nano.a(lib_a-findfp.o)
                0x0000000008002140                __sf_fake_stdout
 .rodata._vfprintf_r.str1.1
                0x0000000008002160       0x11 /opt/gcc-arm-none-eabi-9-2020-q2-update/bin/../lib/gcc/arm-none-eabi/9.3.1/../../../../arm-none-eabi/lib/thumb/v7-m/nofp/libc_nano.a(lib_a-nano-vfprintf.o)
 .rodata._printf_i.str1.1
                0x0000000008002171       0x22 /opt/gcc-arm-none-eabi-9-2020-q2-update/bin/../lib/gcc/arm-none-eabi/9.3.1/../../../../arm-none-eabi/lib/thumb/v7-m/nofp/libc_nano.a(lib_a-nano-vfprintf_i.o)
 *(SORT_BY_NAME(.roxfa.*))
 *(.ARM.extab* .gnu.linkonce.armextab.*)
                0x0000000008002194                . = ALIGN (0x4)
 *fill*         0x0000000008002193        0x1 
 *(.init)
                0x0000000008002194                . = ALIGN (0x4)
                0x0000000008002194                __preinit_array_start = .
 *(.preinit_array)
                0x0000000008002194                __preinit_array_end = .
                0x0000000008002194                . = ALIGN (0x4)
                0x0000000008002194                __init_array_start = .
 *(SORT_BY_NAME(.init_array.*))
 *(.init_array)
                0x0000000008002194                __init_array_end = .
                0x0000000008002194                . = ALIGN (0x4)
 *crtbegin.o(.ctors)
 *(EXCLUDE_FILE(*crtend.o) .ctors)
 *(SORT_BY_NAME(.ctors.*))
 *crtend.o(.ctors)
                0x0000000008002194                . = ALIGN (0x4)
 *(.fini)
                0x0000000008002194                . = ALIGN (0x4)
                0x0000000008002194                __fini_array_start = .
 *(.fini_array)
 *(SORT_BY_NAME(.fini_array.*))
                0x0000000008002194                __fini_array_end = .
 *crtbegin.o(.dtors)
 *(EXCLUDE_FILE(*crtend.o) .dtors)
 *(SORT_BY_NAME(.dtors.*))
 *crtend.o(.dtors)
                0x0000000008002194                . = ALIGN (0x4)
                0x0000000008002194                _efixed = .

.vfp11_veneer   0x0000000008002194        0x0
 .vfp11_veneer  0x0000000008002194        0x0 linker stubs

.v4_bx          0x0000000008002194        0x0
 .v4_bx         0x0000000008002194        0x0 linker stubs

.iplt           0x0000000008002194        0x0
 .iplt          0x0000000008002194        0x0 /senslab/users/kmoncayo/iot-lab/iot-lab/parts/RIOT/examples/hello-world/bin/iotlab-m3/application_hello-world/main.o

.igot.plt       0x0000000008002194        0x0
 .igot.plt      0x0000000008002194        0x0 /senslab/users/kmoncayo/iot-lab/iot-lab/parts/RIOT/examples/hello-world/bin/iotlab-m3/application_hello-world/main.o

.rel.dyn        0x0000000008002194        0x0
 .rel.iplt      0x0000000008002194        0x0 /senslab/users/kmoncayo/iot-lab/iot-lab/parts/RIOT/examples/hello-world/bin/iotlab-m3/application_hello-world/main.o

.tdata          0x0000000008002194        0x0
                0x0000000008002194                __tdata_start = .
 *(.tdata .tdata.* .gnu.linkonce.td.*)
                0x0000000008002194                __tdata_end = .
                0x0000000008002194                __tdata_source = LOADADDR (.tdata)
                0x0000000000000000                __tdata_size = SIZEOF (.tdata)

.tbss           0x0000000008002194        0x0
 *(.tbss .tbss.* .gnu.linkonce.tb.*)
 *(.tcommon)
                0x0000000008002194                __tbss_end = .
                0x0000000000000000                __tls_size = (__tbss_end - __tdata_start)
                0x0000000000000000                __tbss_size = (__tls_size - __tdata_size)
                [!provide]                        PROVIDE (__exidx_start = .)

.ARM.exidx
 *(.ARM.exidx* .gnu.linkonce.armexidx.*)
                [!provide]                        PROVIDE (__exidx_end = .)
                0x0000000008002194                . = ALIGN (0x4)

.eh_frame
 *(.eh_frame)
                0x0000000008002194                . = ALIGN (0x4)
                0x0000000008002194                _etext = .

.stack          0x0000000020000000      0x200
 *(.puf)
                0x0000000020000000                . = ALIGN (0x8)
                0x0000000020000000                _sstack = .
 *(.isr_stack)
 .isr_stack     0x0000000020000000      0x200 /senslab/users/kmoncayo/iot-lab/iot-lab/parts/RIOT/examples/hello-world/bin/iotlab-m3/cortexm_common/vectors_cortexm.o
                0x0000000020000000                isr_stack
                0x0000000020000200                . = ALIGN (0x8)
                0x0000000020000200                _estack = .

.relocate       0x0000000020000200       0x70 load address 0x0000000008002194
                0x0000000020000200                . = ALIGN (0x4)
                0x0000000020000200                _srelocate = .
 *(.ramfunc .ramfunc.*)
 *(.data .data.*)
 .data.heap_top
                0x0000000020000200        0x4 /senslab/users/kmoncayo/iot-lab/iot-lab/parts/RIOT/examples/hello-world/bin/iotlab-m3/newlib_syscalls_default/syscalls.o
 .data.pm_blocker
                0x0000000020000204        0x4 /senslab/users/kmoncayo/iot-lab/iot-lab/parts/RIOT/examples/hello-world/bin/iotlab-m3/pm_layered/pm.o
 .data._impure_ptr
                0x0000000020000208        0x4 /opt/gcc-arm-none-eabi-9-2020-q2-update/bin/../lib/gcc/arm-none-eabi/9.3.1/../../../../arm-none-eabi/lib/thumb/v7-m/nofp/libc_nano.a(lib_a-impure.o)
                0x0000000020000208                _impure_ptr
 .data.impure_data
                0x000000002000020c       0x60 /opt/gcc-arm-none-eabi-9-2020-q2-update/bin/../lib/gcc/arm-none-eabi/9.3.1/../../../../arm-none-eabi/lib/thumb/v7-m/nofp/libc_nano.a(lib_a-impure.o)
 *(SORT_BY_NAME(.xfa.*))
 *(.openocd .openocd.*)
 .openocd       0x000000002000026c        0x2 /senslab/users/kmoncayo/iot-lab/iot-lab/parts/RIOT/examples/hello-world/bin/iotlab-m3/core/sched.o
                0x000000002000026c                _tcb_name_offset
                0x000000002000026d                max_threads
                0x0000000020000270                . = ALIGN (0x4)
 *fill*         0x000000002000026e        0x2 
                0x0000000020000270                _erelocate = .

.bss            0x0000000020000270      0x708 load address 0x0000000008002204
                0x0000000020000270                . = ALIGN (0x4)
                0x0000000020000270                _sbss = .
                0x0000000020000270                _szero = .
 *(.bss .bss.*)
 .bss.main_stack
                0x0000000020000270      0x600 /senslab/users/kmoncayo/iot-lab/iot-lab/parts/RIOT/examples/hello-world/bin/iotlab-m3/core/init.o
 .bss.crashed   0x0000000020000870        0x4 /senslab/users/kmoncayo/iot-lab/iot-lab/parts/RIOT/examples/hello-world/bin/iotlab-m3/core/panic.o
 .bss.runqueue_bitcache
                0x0000000020000874        0x4 /senslab/users/kmoncayo/iot-lab/iot-lab/parts/RIOT/examples/hello-world/bin/iotlab-m3/core/sched.o
 .bss.sched_active_pid
                0x0000000020000878        0x2 /senslab/users/kmoncayo/iot-lab/iot-lab/parts/RIOT/examples/hello-world/bin/iotlab-m3/core/sched.o
                0x0000000020000878                sched_active_pid
 *fill*         0x000000002000087a        0x2 
 .bss.sched_active_thread
                0x000000002000087c        0x4 /senslab/users/kmoncayo/iot-lab/iot-lab/parts/RIOT/examples/hello-world/bin/iotlab-m3/core/sched.o
                0x000000002000087c                sched_active_thread
 .bss.sched_context_switch_request
                0x0000000020000880        0x4 /senslab/users/kmoncayo/iot-lab/iot-lab/parts/RIOT/examples/hello-world/bin/iotlab-m3/core/sched.o
                0x0000000020000880                sched_context_switch_request
 .bss.sched_num_threads
                0x0000000020000884        0x4 /senslab/users/kmoncayo/iot-lab/iot-lab/parts/RIOT/examples/hello-world/bin/iotlab-m3/core/sched.o
                0x0000000020000884                sched_num_threads
 .bss.sched_runqueues
                0x0000000020000888       0x40 /senslab/users/kmoncayo/iot-lab/iot-lab/parts/RIOT/examples/hello-world/bin/iotlab-m3/core/sched.o
                0x0000000020000888                sched_runqueues
 .bss.sched_threads
                0x00000000200008c8       0x84 /senslab/users/kmoncayo/iot-lab/iot-lab/parts/RIOT/examples/hello-world/bin/iotlab-m3/core/sched.o
                0x00000000200008c8                sched_threads
 .bss.isr_ctx   0x000000002000094c       0x18 /senslab/users/kmoncayo/iot-lab/iot-lab/parts/RIOT/examples/hello-world/bin/iotlab-m3/periph/uart.o
 .bss.__malloc_free_list
                0x0000000020000964        0x4 /opt/gcc-arm-none-eabi-9-2020-q2-update/bin/../lib/gcc/arm-none-eabi/9.3.1/../../../../arm-none-eabi/lib/thumb/v7-m/nofp/libc_nano.a(lib_a-nano-mallocr.o)
                0x0000000020000964                __malloc_free_list
 .bss.__malloc_sbrk_start
                0x0000000020000968        0x4 /opt/gcc-arm-none-eabi-9-2020-q2-update/bin/../lib/gcc/arm-none-eabi/9.3.1/../../../../arm-none-eabi/lib/thumb/v7-m/nofp/libc_nano.a(lib_a-nano-mallocr.o)
                0x0000000020000968                __malloc_sbrk_start
 *(COMMON)
 COMMON         0x000000002000096c        0x9 /opt/gcc-arm-none-eabi-9-2020-q2-update/bin/../lib/gcc/arm-none-eabi/9.3.1/../../../../arm-none-eabi/lib/thumb/v7-m/nofp/libc_nano.a(lib_a-lock.o)
                0x000000002000096c                __lock___atexit_recursive_mutex
                0x000000002000096d                __lock___arc4random_mutex
                0x000000002000096e                __lock___env_recursive_mutex
                0x000000002000096f                __lock___sinit_recursive_mutex
                0x0000000020000970                __lock___malloc_recursive_mutex
                0x0000000020000971                __lock___at_quick_exit_mutex
                0x0000000020000972                __lock___dd_hash_mutex
                0x0000000020000973                __lock___tz_mutex
                0x0000000020000974                __lock___sfp_recursive_mutex
                0x0000000020000978                . = ALIGN (0x4)
 *fill*         0x0000000020000975        0x3 
                0x0000000020000978                _ebss = .
                0x0000000020000978                _ezero = .

.noinit         0x0000000020000978        0x0 load address 0x0000000008002204
                0x0000000020000978                __noinit_start = .
 *(.noinit)
                0x0000000020000978                . = ALIGN (0x4)
                0x0000000020000978                __noinit_end = .
                0x0000000020000978                . = ALIGN (0x4)
                0x0000000020000978                _sheap = .
                0x0000000020010000                _eheap = (ORIGIN (ram) + LENGTH (ram))
                0x0000000020000000                _sram = ORIGIN (ram)
                0x0000000020010000                _eram = (ORIGIN (ram) + LENGTH (ram))
                0x0000000008000000                _srom = ORIGIN (rom)
                0x0000000008080000                _erom = (ORIGIN (rom) + LENGTH (rom))
                0x0000000008002204                _sbackup_data_load = LOADADDR (.backup.data)

.backup.data    0x0000000000000000        0x0 load address 0x0000000008002204
                0x0000000000000000                _sbackup_data = .
 *(.backup.data)
                0x0000000000000000                _ebackup_data = .
                0x0000000000000000                . = ALIGN (0x4)

.backup.bss     0x0000000000000000        0x0 load address 0x0000000008002204
                0x0000000000000000                _sbackup_bss = .
 *(.backup.bss)
                0x0000000000000000                _ebackup_bss = .
                0x0000000000000000                . = ALIGN (0x4)

.heap3          0x0000000000000000        0x0 load address 0x0000000008002204
                0x0000000000000000                _sheap1 = .
                0x0000000000000000                _eheap1 = (ORIGIN (bkup_ram) + LENGTH (bkup_ram))

.end_fw         0x0000000008002204        0x0
                0x0000000008002204                _end_fw = .
OUTPUT(/senslab/users/kmoncayo/iot-lab/iot-lab/parts/RIOT/examples/hello-world/bin/iotlab-m3/hello-world.elf elf32-littlearm)
LOAD linker stubs

.debug_info     0x0000000000000000    0x1deee
 .debug_info    0x0000000000000000      0x9bb /senslab/users/kmoncayo/iot-lab/iot-lab/parts/RIOT/examples/hello-world/bin/iotlab-m3/application_hello-world/main.o
 .debug_info    0x00000000000009bb      0xd26 /senslab/users/kmoncayo/iot-lab/iot-lab/parts/RIOT/examples/hello-world/bin/iotlab-m3/auto_init/auto_init.o
 .debug_info    0x00000000000016e1     0x1712 /senslab/users/kmoncayo/iot-lab/iot-lab/parts/RIOT/examples/hello-world/bin/iotlab-m3/boards_common_iotlab/board_init.o
 .debug_info    0x0000000000002df3      0xf2a /senslab/users/kmoncayo/iot-lab/iot-lab/parts/RIOT/examples/hello-world/bin/iotlab-m3/core/init.o
 .debug_info    0x0000000000003d1d      0xfa5 /senslab/users/kmoncayo/iot-lab/iot-lab/parts/RIOT/examples/hello-world/bin/iotlab-m3/core/panic.o
 .debug_info    0x0000000000004cc2     0x1552 /senslab/users/kmoncayo/iot-lab/iot-lab/parts/RIOT/examples/hello-world/bin/iotlab-m3/core/sched.o
 .debug_info    0x0000000000006214     0x1f20 /senslab/users/kmoncayo/iot-lab/iot-lab/parts/RIOT/examples/hello-world/bin/iotlab-m3/core/thread.o
 .debug_info    0x0000000000008134     0x1426 /senslab/users/kmoncayo/iot-lab/iot-lab/parts/RIOT/examples/hello-world/bin/iotlab-m3/cortexm_common/cortexm_init.o
 .debug_info    0x000000000000955a      0xe05 /senslab/users/kmoncayo/iot-lab/iot-lab/parts/RIOT/examples/hello-world/bin/iotlab-m3/cortexm_common/panic.o
 .debug_info    0x000000000000a35f     0x1347 /senslab/users/kmoncayo/iot-lab/iot-lab/parts/RIOT/examples/hello-world/bin/iotlab-m3/cortexm_common/thread_arch.o
 .debug_info    0x000000000000b6a6     0x20a6 /senslab/users/kmoncayo/iot-lab/iot-lab/parts/RIOT/examples/hello-world/bin/iotlab-m3/cortexm_common/vectors_cortexm.o
 .debug_info    0x000000000000d74c     0x1602 /senslab/users/kmoncayo/iot-lab/iot-lab/parts/RIOT/examples/hello-world/bin/iotlab-m3/cpu/cpu_common.o
 .debug_info    0x000000000000ed4e     0x193c /senslab/users/kmoncayo/iot-lab/iot-lab/parts/RIOT/examples/hello-world/bin/iotlab-m3/cpu/cpu_init.o
 .debug_info    0x000000000001068a     0x2296 /senslab/users/kmoncayo/iot-lab/iot-lab/parts/RIOT/examples/hello-world/bin/iotlab-m3/newlib_syscalls_default/syscalls.o
 .debug_info    0x0000000000012920      0xd28 /senslab/users/kmoncayo/iot-lab/iot-lab/parts/RIOT/examples/hello-world/bin/iotlab-m3/periph_common/init.o
 .debug_info    0x0000000000013648     0x1cf9 /senslab/users/kmoncayo/iot-lab/iot-lab/parts/RIOT/examples/hello-world/bin/iotlab-m3/periph/gpio_f1.o
 .debug_info    0x0000000000015341     0x10da /senslab/users/kmoncayo/iot-lab/iot-lab/parts/RIOT/examples/hello-world/bin/iotlab-m3/periph/pm.o
 .debug_info    0x000000000001641b     0x212b /senslab/users/kmoncayo/iot-lab/iot-lab/parts/RIOT/examples/hello-world/bin/iotlab-m3/periph/uart.o
 .debug_info    0x0000000000018546     0x1251 /senslab/users/kmoncayo/iot-lab/iot-lab/parts/RIOT/examples/hello-world/bin/iotlab-m3/pm_layered/pm.o
 .debug_info    0x0000000000019797     0x17b9 /senslab/users/kmoncayo/iot-lab/iot-lab/parts/RIOT/examples/hello-world/bin/iotlab-m3/stdio_uart/stdio_uart.o
 .debug_info    0x000000000001af50     0x155d /senslab/users/kmoncayo/iot-lab/iot-lab/parts/RIOT/examples/hello-world/bin/iotlab-m3/stm32_clk/stmclk_common.o
 .debug_info    0x000000000001c4ad     0x170c /senslab/users/kmoncayo/iot-lab/iot-lab/parts/RIOT/examples/hello-world/bin/iotlab-m3/stm32_clk/stmclk_f0f1f3.o
 .debug_info    0x000000000001dbb9      0x335 /senslab/users/kmoncayo/iot-lab/iot-lab/parts/RIOT/examples/hello-world/bin/iotlab-m3/stm32_vectors/STM32F103xE.o

.debug_abbrev   0x0000000000000000     0x5102
 .debug_abbrev  0x0000000000000000      0x1d4 /senslab/users/kmoncayo/iot-lab/iot-lab/parts/RIOT/examples/hello-world/bin/iotlab-m3/application_hello-world/main.o
 .debug_abbrev  0x00000000000001d4      0x203 /senslab/users/kmoncayo/iot-lab/iot-lab/parts/RIOT/examples/hello-world/bin/iotlab-m3/auto_init/auto_init.o
 .debug_abbrev  0x00000000000003d7      0x2e0 /senslab/users/kmoncayo/iot-lab/iot-lab/parts/RIOT/examples/hello-world/bin/iotlab-m3/boards_common_iotlab/board_init.o
 .debug_abbrev  0x00000000000006b7      0x32c /senslab/users/kmoncayo/iot-lab/iot-lab/parts/RIOT/examples/hello-world/bin/iotlab-m3/core/init.o
 .debug_abbrev  0x00000000000009e3      0x364 /senslab/users/kmoncayo/iot-lab/iot-lab/parts/RIOT/examples/hello-world/bin/iotlab-m3/core/panic.o
 .debug_abbrev  0x0000000000000d47      0x4d7 /senslab/users/kmoncayo/iot-lab/iot-lab/parts/RIOT/examples/hello-world/bin/iotlab-m3/core/sched.o
 .debug_abbrev  0x000000000000121e      0x532 /senslab/users/kmoncayo/iot-lab/iot-lab/parts/RIOT/examples/hello-world/bin/iotlab-m3/core/thread.o
 .debug_abbrev  0x0000000000001750      0x3b5 /senslab/users/kmoncayo/iot-lab/iot-lab/parts/RIOT/examples/hello-world/bin/iotlab-m3/cortexm_common/cortexm_init.o
 .debug_abbrev  0x0000000000001b05      0x2fe /senslab/users/kmoncayo/iot-lab/iot-lab/parts/RIOT/examples/hello-world/bin/iotlab-m3/cortexm_common/panic.o
 .debug_abbrev  0x0000000000001e03      0x48e /senslab/users/kmoncayo/iot-lab/iot-lab/parts/RIOT/examples/hello-world/bin/iotlab-m3/cortexm_common/thread_arch.o
 .debug_abbrev  0x0000000000002291      0x4c0 /senslab/users/kmoncayo/iot-lab/iot-lab/parts/RIOT/examples/hello-world/bin/iotlab-m3/cortexm_common/vectors_cortexm.o
 .debug_abbrev  0x0000000000002751      0x366 /senslab/users/kmoncayo/iot-lab/iot-lab/parts/RIOT/examples/hello-world/bin/iotlab-m3/cpu/cpu_common.o
 .debug_abbrev  0x0000000000002ab7      0x3a6 /senslab/users/kmoncayo/iot-lab/iot-lab/parts/RIOT/examples/hello-world/bin/iotlab-m3/cpu/cpu_init.o
 .debug_abbrev  0x0000000000002e5d      0x548 /senslab/users/kmoncayo/iot-lab/iot-lab/parts/RIOT/examples/hello-world/bin/iotlab-m3/newlib_syscalls_default/syscalls.o
 .debug_abbrev  0x00000000000033a5      0x26a /senslab/users/kmoncayo/iot-lab/iot-lab/parts/RIOT/examples/hello-world/bin/iotlab-m3/periph_common/init.o
 .debug_abbrev  0x000000000000360f      0x408 /senslab/users/kmoncayo/iot-lab/iot-lab/parts/RIOT/examples/hello-world/bin/iotlab-m3/periph/gpio_f1.o
 .debug_abbrev  0x0000000000003a17      0x37c /senslab/users/kmoncayo/iot-lab/iot-lab/parts/RIOT/examples/hello-world/bin/iotlab-m3/periph/pm.o
 .debug_abbrev  0x0000000000003d93      0x534 /senslab/users/kmoncayo/iot-lab/iot-lab/parts/RIOT/examples/hello-world/bin/iotlab-m3/periph/uart.o
 .debug_abbrev  0x00000000000042c7      0x3a1 /senslab/users/kmoncayo/iot-lab/iot-lab/parts/RIOT/examples/hello-world/bin/iotlab-m3/pm_layered/pm.o
 .debug_abbrev  0x0000000000004668      0x359 /senslab/users/kmoncayo/iot-lab/iot-lab/parts/RIOT/examples/hello-world/bin/iotlab-m3/stdio_uart/stdio_uart.o
 .debug_abbrev  0x00000000000049c1      0x2bf /senslab/users/kmoncayo/iot-lab/iot-lab/parts/RIOT/examples/hello-world/bin/iotlab-m3/stm32_clk/stmclk_common.o
 .debug_abbrev  0x0000000000004c80      0x37b /senslab/users/kmoncayo/iot-lab/iot-lab/parts/RIOT/examples/hello-world/bin/iotlab-m3/stm32_clk/stmclk_f0f1f3.o
 .debug_abbrev  0x0000000000004ffb      0x107 /senslab/users/kmoncayo/iot-lab/iot-lab/parts/RIOT/examples/hello-world/bin/iotlab-m3/stm32_vectors/STM32F103xE.o

.debug_aranges  0x0000000000000000      0x620
 .debug_aranges
                0x0000000000000000       0x20 /senslab/users/kmoncayo/iot-lab/iot-lab/parts/RIOT/examples/hello-world/bin/iotlab-m3/application_hello-world/main.o
 .debug_aranges
                0x0000000000000020       0x20 /senslab/users/kmoncayo/iot-lab/iot-lab/parts/RIOT/examples/hello-world/bin/iotlab-m3/auto_init/auto_init.o
 .debug_aranges
                0x0000000000000040       0x28 /senslab/users/kmoncayo/iot-lab/iot-lab/parts/RIOT/examples/hello-world/bin/iotlab-m3/boards_common_iotlab/board_init.o
 .debug_aranges
                0x0000000000000068       0x30 /senslab/users/kmoncayo/iot-lab/iot-lab/parts/RIOT/examples/hello-world/bin/iotlab-m3/core/init.o
 .debug_aranges
                0x0000000000000098       0x38 /senslab/users/kmoncayo/iot-lab/iot-lab/parts/RIOT/examples/hello-world/bin/iotlab-m3/core/panic.o
 .debug_aranges
                0x00000000000000d0       0x48 /senslab/users/kmoncayo/iot-lab/iot-lab/parts/RIOT/examples/hello-world/bin/iotlab-m3/core/sched.o
 .debug_aranges
                0x0000000000000118       0x78 /senslab/users/kmoncayo/iot-lab/iot-lab/parts/RIOT/examples/hello-world/bin/iotlab-m3/core/thread.o
 .debug_aranges
                0x0000000000000190       0x30 /senslab/users/kmoncayo/iot-lab/iot-lab/parts/RIOT/examples/hello-world/bin/iotlab-m3/cortexm_common/cortexm_init.o
 .debug_aranges
                0x00000000000001c0       0x28 /senslab/users/kmoncayo/iot-lab/iot-lab/parts/RIOT/examples/hello-world/bin/iotlab-m3/cortexm_common/panic.o
 .debug_aranges
                0x00000000000001e8       0x68 /senslab/users/kmoncayo/iot-lab/iot-lab/parts/RIOT/examples/hello-world/bin/iotlab-m3/cortexm_common/thread_arch.o
 .debug_aranges
                0x0000000000000250       0x70 /senslab/users/kmoncayo/iot-lab/iot-lab/parts/RIOT/examples/hello-world/bin/iotlab-m3/cortexm_common/vectors_cortexm.o
 .debug_aranges
                0x00000000000002c0       0x40 /senslab/users/kmoncayo/iot-lab/iot-lab/parts/RIOT/examples/hello-world/bin/iotlab-m3/cpu/cpu_common.o
 .debug_aranges
                0x0000000000000300       0x30 /senslab/users/kmoncayo/iot-lab/iot-lab/parts/RIOT/examples/hello-world/bin/iotlab-m3/cpu/cpu_init.o
 .debug_aranges
                0x0000000000000330       0xc0 /senslab/users/kmoncayo/iot-lab/iot-lab/parts/RIOT/examples/hello-world/bin/iotlab-m3/newlib_syscalls_default/syscalls.o
 .debug_aranges
                0x00000000000003f0       0x28 /senslab/users/kmoncayo/iot-lab/iot-lab/parts/RIOT/examples/hello-world/bin/iotlab-m3/periph_common/init.o
 .debug_aranges
                0x0000000000000418       0x68 /senslab/users/kmoncayo/iot-lab/iot-lab/parts/RIOT/examples/hello-world/bin/iotlab-m3/periph/gpio_f1.o
 .debug_aranges
                0x0000000000000480       0x28 /senslab/users/kmoncayo/iot-lab/iot-lab/parts/RIOT/examples/hello-world/bin/iotlab-m3/periph/pm.o
 .debug_aranges
                0x00000000000004a8       0x60 /senslab/users/kmoncayo/iot-lab/iot-lab/parts/RIOT/examples/hello-world/bin/iotlab-m3/periph/uart.o
 .debug_aranges
                0x0000000000000508       0x48 /senslab/users/kmoncayo/iot-lab/iot-lab/parts/RIOT/examples/hello-world/bin/iotlab-m3/pm_layered/pm.o
 .debug_aranges
                0x0000000000000550       0x38 /senslab/users/kmoncayo/iot-lab/iot-lab/parts/RIOT/examples/hello-world/bin/iotlab-m3/stdio_uart/stdio_uart.o
 .debug_aranges
                0x0000000000000588       0x50 /senslab/users/kmoncayo/iot-lab/iot-lab/parts/RIOT/examples/hello-world/bin/iotlab-m3/stm32_clk/stmclk_common.o
 .debug_aranges
                0x00000000000005d8       0x28 /senslab/users/kmoncayo/iot-lab/iot-lab/parts/RIOT/examples/hello-world/bin/iotlab-m3/stm32_clk/stmclk_f0f1f3.o
 .debug_aranges
                0x0000000000000600       0x20 /senslab/users/kmoncayo/iot-lab/iot-lab/parts/RIOT/examples/hello-world/bin/iotlab-m3/stm32_vectors/STM32F103xE.o

.debug_ranges   0x0000000000000000      0xcd0
 .debug_ranges  0x0000000000000000       0x10 /senslab/users/kmoncayo/iot-lab/iot-lab/parts/RIOT/examples/hello-world/bin/iotlab-m3/application_hello-world/main.o
 .debug_ranges  0x0000000000000010       0x10 /senslab/users/kmoncayo/iot-lab/iot-lab/parts/RIOT/examples/hello-world/bin/iotlab-m3/auto_init/auto_init.o
 .debug_ranges  0x0000000000000020       0x18 /senslab/users/kmoncayo/iot-lab/iot-lab/parts/RIOT/examples/hello-world/bin/iotlab-m3/boards_common_iotlab/board_init.o
 .debug_ranges  0x0000000000000038       0x50 /senslab/users/kmoncayo/iot-lab/iot-lab/parts/RIOT/examples/hello-world/bin/iotlab-m3/core/init.o
 .debug_ranges  0x0000000000000088       0x28 /senslab/users/kmoncayo/iot-lab/iot-lab/parts/RIOT/examples/hello-world/bin/iotlab-m3/core/panic.o
 .debug_ranges  0x00000000000000b0      0x118 /senslab/users/kmoncayo/iot-lab/iot-lab/parts/RIOT/examples/hello-world/bin/iotlab-m3/core/sched.o
 .debug_ranges  0x00000000000001c8      0x298 /senslab/users/kmoncayo/iot-lab/iot-lab/parts/RIOT/examples/hello-world/bin/iotlab-m3/core/thread.o
 .debug_ranges  0x0000000000000460       0xb8 /senslab/users/kmoncayo/iot-lab/iot-lab/parts/RIOT/examples/hello-world/bin/iotlab-m3/cortexm_common/cortexm_init.o
 .debug_ranges  0x0000000000000518       0x48 /senslab/users/kmoncayo/iot-lab/iot-lab/parts/RIOT/examples/hello-world/bin/iotlab-m3/cortexm_common/panic.o
 .debug_ranges  0x0000000000000560       0x90 /senslab/users/kmoncayo/iot-lab/iot-lab/parts/RIOT/examples/hello-world/bin/iotlab-m3/cortexm_common/thread_arch.o
 .debug_ranges  0x00000000000005f0       0x78 /senslab/users/kmoncayo/iot-lab/iot-lab/parts/RIOT/examples/hello-world/bin/iotlab-m3/cortexm_common/vectors_cortexm.o
 .debug_ranges  0x0000000000000668       0x30 /senslab/users/kmoncayo/iot-lab/iot-lab/parts/RIOT/examples/hello-world/bin/iotlab-m3/cpu/cpu_common.o
 .debug_ranges  0x0000000000000698       0x78 /senslab/users/kmoncayo/iot-lab/iot-lab/parts/RIOT/examples/hello-world/bin/iotlab-m3/cpu/cpu_init.o
 .debug_ranges  0x0000000000000710      0x128 /senslab/users/kmoncayo/iot-lab/iot-lab/parts/RIOT/examples/hello-world/bin/iotlab-m3/newlib_syscalls_default/syscalls.o
 .debug_ranges  0x0000000000000838       0x18 /senslab/users/kmoncayo/iot-lab/iot-lab/parts/RIOT/examples/hello-world/bin/iotlab-m3/periph_common/init.o
 .debug_ranges  0x0000000000000850      0x148 /senslab/users/kmoncayo/iot-lab/iot-lab/parts/RIOT/examples/hello-world/bin/iotlab-m3/periph/gpio_f1.o
 .debug_ranges  0x0000000000000998       0x60 /senslab/users/kmoncayo/iot-lab/iot-lab/parts/RIOT/examples/hello-world/bin/iotlab-m3/periph/pm.o
 .debug_ranges  0x00000000000009f8      0x138 /senslab/users/kmoncayo/iot-lab/iot-lab/parts/RIOT/examples/hello-world/bin/iotlab-m3/periph/uart.o
 .debug_ranges  0x0000000000000b30       0xc8 /senslab/users/kmoncayo/iot-lab/iot-lab/parts/RIOT/examples/hello-world/bin/iotlab-m3/pm_layered/pm.o
 .debug_ranges  0x0000000000000bf8       0x28 /senslab/users/kmoncayo/iot-lab/iot-lab/parts/RIOT/examples/hello-world/bin/iotlab-m3/stdio_uart/stdio_uart.o
 .debug_ranges  0x0000000000000c20       0x40 /senslab/users/kmoncayo/iot-lab/iot-lab/parts/RIOT/examples/hello-world/bin/iotlab-m3/stm32_clk/stmclk_common.o
 .debug_ranges  0x0000000000000c60       0x60 /senslab/users/kmoncayo/iot-lab/iot-lab/parts/RIOT/examples/hello-world/bin/iotlab-m3/stm32_clk/stmclk_f0f1f3.o
 .debug_ranges  0x0000000000000cc0       0x10 /senslab/users/kmoncayo/iot-lab/iot-lab/parts/RIOT/examples/hello-world/bin/iotlab-m3/stm32_vectors/STM32F103xE.o

.debug_macro    0x0000000000000000    0x176fd
 .debug_macro   0x0000000000000000      0x181 /senslab/users/kmoncayo/iot-lab/iot-lab/parts/RIOT/examples/hello-world/bin/iotlab-m3/application_hello-world/main.o
 .debug_macro   0x0000000000000181      0xaf6 /senslab/users/kmoncayo/iot-lab/iot-lab/parts/RIOT/examples/hello-world/bin/iotlab-m3/application_hello-world/main.o
 .debug_macro   0x0000000000000c77      0x112 /senslab/users/kmoncayo/iot-lab/iot-lab/parts/RIOT/examples/hello-world/bin/iotlab-m3/application_hello-world/main.o
 .debug_macro   0x0000000000000d89       0x22 /senslab/users/kmoncayo/iot-lab/iot-lab/parts/RIOT/examples/hello-world/bin/iotlab-m3/application_hello-world/main.o
 .debug_macro   0x0000000000000dab       0x4c /senslab/users/kmoncayo/iot-lab/iot-lab/parts/RIOT/examples/hello-world/bin/iotlab-m3/application_hello-world/main.o
 .debug_macro   0x0000000000000df7       0x18 /senslab/users/kmoncayo/iot-lab/iot-lab/parts/RIOT/examples/hello-world/bin/iotlab-m3/application_hello-world/main.o
 .debug_macro   0x0000000000000e0f       0x5c /senslab/users/kmoncayo/iot-lab/iot-lab/parts/RIOT/examples/hello-world/bin/iotlab-m3/application_hello-world/main.o
 .debug_macro   0x0000000000000e6b       0x3c /senslab/users/kmoncayo/iot-lab/iot-lab/parts/RIOT/examples/hello-world/bin/iotlab-m3/application_hello-world/main.o
 .debug_macro   0x0000000000000ea7       0x34 /senslab/users/kmoncayo/iot-lab/iot-lab/parts/RIOT/examples/hello-world/bin/iotlab-m3/application_hello-world/main.o
 .debug_macro   0x0000000000000edb       0x16 /senslab/users/kmoncayo/iot-lab/iot-lab/parts/RIOT/examples/hello-world/bin/iotlab-m3/application_hello-world/main.o
 .debug_macro   0x0000000000000ef1       0x57 /senslab/users/kmoncayo/iot-lab/iot-lab/parts/RIOT/examples/hello-world/bin/iotlab-m3/application_hello-world/main.o
 .debug_macro   0x0000000000000f48       0x97 /senslab/users/kmoncayo/iot-lab/iot-lab/parts/RIOT/examples/hello-world/bin/iotlab-m3/application_hello-world/main.o
 .debug_macro   0x0000000000000fdf      0x339 /senslab/users/kmoncayo/iot-lab/iot-lab/parts/RIOT/examples/hello-world/bin/iotlab-m3/application_hello-world/main.o
 .debug_macro   0x0000000000001318       0xfd /senslab/users/kmoncayo/iot-lab/iot-lab/parts/RIOT/examples/hello-world/bin/iotlab-m3/application_hello-world/main.o
 .debug_macro   0x0000000000001415       0x10 /senslab/users/kmoncayo/iot-lab/iot-lab/parts/RIOT/examples/hello-world/bin/iotlab-m3/application_hello-world/main.o
 .debug_macro   0x0000000000001425       0x16 /senslab/users/kmoncayo/iot-lab/iot-lab/parts/RIOT/examples/hello-world/bin/iotlab-m3/application_hello-world/main.o
 .debug_macro   0x000000000000143b       0x43 /senslab/users/kmoncayo/iot-lab/iot-lab/parts/RIOT/examples/hello-world/bin/iotlab-m3/application_hello-world/main.o
 .debug_macro   0x000000000000147e       0x34 /senslab/users/kmoncayo/iot-lab/iot-lab/parts/RIOT/examples/hello-world/bin/iotlab-m3/application_hello-world/main.o
 .debug_macro   0x00000000000014b2       0x10 /senslab/users/kmoncayo/iot-lab/iot-lab/parts/RIOT/examples/hello-world/bin/iotlab-m3/application_hello-world/main.o
 .debug_macro   0x00000000000014c2       0x58 /senslab/users/kmoncayo/iot-lab/iot-lab/parts/RIOT/examples/hello-world/bin/iotlab-m3/application_hello-world/main.o
 .debug_macro   0x000000000000151a       0x71 /senslab/users/kmoncayo/iot-lab/iot-lab/parts/RIOT/examples/hello-world/bin/iotlab-m3/application_hello-world/main.o
 .debug_macro   0x000000000000158b      0x103 /senslab/users/kmoncayo/iot-lab/iot-lab/parts/RIOT/examples/hello-world/bin/iotlab-m3/application_hello-world/main.o
 .debug_macro   0x000000000000168e       0x6a /senslab/users/kmoncayo/iot-lab/iot-lab/parts/RIOT/examples/hello-world/bin/iotlab-m3/application_hello-world/main.o
 .debug_macro   0x00000000000016f8      0x1df /senslab/users/kmoncayo/iot-lab/iot-lab/parts/RIOT/examples/hello-world/bin/iotlab-m3/application_hello-world/main.o
 .debug_macro   0x00000000000018d7       0x75 /senslab/users/kmoncayo/iot-lab/iot-lab/parts/RIOT/examples/hello-world/bin/iotlab-m3/application_hello-world/main.o
 .debug_macro   0x000000000000194c       0x10 /senslab/users/kmoncayo/iot-lab/iot-lab/parts/RIOT/examples/hello-world/bin/iotlab-m3/application_hello-world/main.o
 .debug_macro   0x000000000000195c      0x12a /senslab/users/kmoncayo/iot-lab/iot-lab/parts/RIOT/examples/hello-world/bin/iotlab-m3/application_hello-world/main.o
 .debug_macro   0x0000000000001a86       0xbe /senslab/users/kmoncayo/iot-lab/iot-lab/parts/RIOT/examples/hello-world/bin/iotlab-m3/application_hello-world/main.o
 .debug_macro   0x0000000000001b44       0x16 /senslab/users/kmoncayo/iot-lab/iot-lab/parts/RIOT/examples/hello-world/bin/iotlab-m3/application_hello-world/main.o
 .debug_macro   0x0000000000001b5a      0x114 /senslab/users/kmoncayo/iot-lab/iot-lab/parts/RIOT/examples/hello-world/bin/iotlab-m3/application_hello-world/main.o
 .debug_macro   0x0000000000001c6e      0x1f3 /senslab/users/kmoncayo/iot-lab/iot-lab/parts/RIOT/examples/hello-world/bin/iotlab-m3/auto_init/auto_init.o
 .debug_macro   0x0000000000001e61      0xaf6 /senslab/users/kmoncayo/iot-lab/iot-lab/parts/RIOT/examples/hello-world/bin/iotlab-m3/auto_init/auto_init.o
 .debug_macro   0x0000000000002957       0x56 /senslab/users/kmoncayo/iot-lab/iot-lab/parts/RIOT/examples/hello-world/bin/iotlab-m3/auto_init/auto_init.o
 .debug_macro   0x00000000000029ad       0x51 /senslab/users/kmoncayo/iot-lab/iot-lab/parts/RIOT/examples/hello-world/bin/iotlab-m3/auto_init/auto_init.o
 .debug_macro   0x00000000000029fe       0x52 /senslab/users/kmoncayo/iot-lab/iot-lab/parts/RIOT/examples/hello-world/bin/iotlab-m3/auto_init/auto_init.o
 .debug_macro   0x0000000000002a50       0x10 /senslab/users/kmoncayo/iot-lab/iot-lab/parts/RIOT/examples/hello-world/bin/iotlab-m3/auto_init/auto_init.o
 .debug_macro   0x0000000000002a60       0x35 /senslab/users/kmoncayo/iot-lab/iot-lab/parts/RIOT/examples/hello-world/bin/iotlab-m3/auto_init/auto_init.o
 .debug_macro   0x0000000000002a95      0x460 /senslab/users/kmoncayo/iot-lab/iot-lab/parts/RIOT/examples/hello-world/bin/iotlab-m3/auto_init/auto_init.o
 .debug_macro   0x0000000000002ef5       0x22 /senslab/users/kmoncayo/iot-lab/iot-lab/parts/RIOT/examples/hello-world/bin/iotlab-m3/auto_init/auto_init.o
 .debug_macro   0x0000000000002f17       0x3d /senslab/users/kmoncayo/iot-lab/iot-lab/parts/RIOT/examples/hello-world/bin/iotlab-m3/auto_init/auto_init.o
 .debug_macro   0x0000000000002f54       0x34 /senslab/users/kmoncayo/iot-lab/iot-lab/parts/RIOT/examples/hello-world/bin/iotlab-m3/auto_init/auto_init.o
 .debug_macro   0x0000000000002f88      0x45f /senslab/users/kmoncayo/iot-lab/iot-lab/parts/RIOT/examples/hello-world/bin/iotlab-m3/boards_common_iotlab/board_init.o
 .debug_macro   0x00000000000033e7      0xaf6 /senslab/users/kmoncayo/iot-lab/iot-lab/parts/RIOT/examples/hello-world/bin/iotlab-m3/boards_common_iotlab/board_init.o
 .debug_macro   0x0000000000003edd      0x44b /senslab/users/kmoncayo/iot-lab/iot-lab/parts/RIOT/examples/hello-world/bin/iotlab-m3/core/init.o
 .debug_macro   0x0000000000004328      0xaf6 /senslab/users/kmoncayo/iot-lab/iot-lab/parts/RIOT/examples/hello-world/bin/iotlab-m3/core/init.o
 .debug_macro   0x0000000000004e1e      0x23b /senslab/users/kmoncayo/iot-lab/iot-lab/parts/RIOT/examples/hello-world/bin/iotlab-m3/core/init.o
 .debug_macro   0x0000000000005059       0x2e /senslab/users/kmoncayo/iot-lab/iot-lab/parts/RIOT/examples/hello-world/bin/iotlab-m3/core/init.o
 .debug_macro   0x0000000000005087       0x10 /senslab/users/kmoncayo/iot-lab/iot-lab/parts/RIOT/examples/hello-world/bin/iotlab-m3/core/init.o
 .debug_macro   0x0000000000005097      0x419 /senslab/users/kmoncayo/iot-lab/iot-lab/parts/RIOT/examples/hello-world/bin/iotlab-m3/core/panic.o
 .debug_macro   0x00000000000054b0      0xaf6 /senslab/users/kmoncayo/iot-lab/iot-lab/parts/RIOT/examples/hello-world/bin/iotlab-m3/core/panic.o
 .debug_macro   0x0000000000005fa6       0x10 /senslab/users/kmoncayo/iot-lab/iot-lab/parts/RIOT/examples/hello-world/bin/iotlab-m3/core/panic.o
 .debug_macro   0x0000000000005fb6      0x2f2 /senslab/users/kmoncayo/iot-lab/iot-lab/parts/RIOT/examples/hello-world/bin/iotlab-m3/core/sched.o
 .debug_macro   0x00000000000062a8      0xaf6 /senslab/users/kmoncayo/iot-lab/iot-lab/parts/RIOT/examples/hello-world/bin/iotlab-m3/core/sched.o
 .debug_macro   0x0000000000006d9e      0x2fa /senslab/users/kmoncayo/iot-lab/iot-lab/parts/RIOT/examples/hello-world/bin/iotlab-m3/core/thread.o
 .debug_macro   0x0000000000007098      0xaf6 /senslab/users/kmoncayo/iot-lab/iot-lab/parts/RIOT/examples/hello-world/bin/iotlab-m3/core/thread.o
 .debug_macro   0x0000000000007b8e       0x22 /senslab/users/kmoncayo/iot-lab/iot-lab/parts/RIOT/examples/hello-world/bin/iotlab-m3/core/thread.o
 .debug_macro   0x0000000000007bb0       0xdc /senslab/users/kmoncayo/iot-lab/iot-lab/parts/RIOT/examples/hello-world/bin/iotlab-m3/core/thread.o
 .debug_macro   0x0000000000007c8c      0x2cc /senslab/users/kmoncayo/iot-lab/iot-lab/parts/RIOT/examples/hello-world/bin/iotlab-m3/cortexm_common/cortexm_init.o
 .debug_macro   0x0000000000007f58      0xaf6 /senslab/users/kmoncayo/iot-lab/iot-lab/parts/RIOT/examples/hello-world/bin/iotlab-m3/cortexm_common/cortexm_init.o
 .debug_macro   0x0000000000008a4e      0x2cf /senslab/users/kmoncayo/iot-lab/iot-lab/parts/RIOT/examples/hello-world/bin/iotlab-m3/cortexm_common/panic.o
 .debug_macro   0x0000000000008d1d      0xaf6 /senslab/users/kmoncayo/iot-lab/iot-lab/parts/RIOT/examples/hello-world/bin/iotlab-m3/cortexm_common/panic.o
 .debug_macro   0x0000000000009813      0x2ec /senslab/users/kmoncayo/iot-lab/iot-lab/parts/RIOT/examples/hello-world/bin/iotlab-m3/cortexm_common/thread_arch.o
 .debug_macro   0x0000000000009aff      0xaf6 /senslab/users/kmoncayo/iot-lab/iot-lab/parts/RIOT/examples/hello-world/bin/iotlab-m3/cortexm_common/thread_arch.o
 .debug_macro   0x000000000000a5f5       0x1c /senslab/users/kmoncayo/iot-lab/iot-lab/parts/RIOT/examples/hello-world/bin/iotlab-m3/cortexm_common/thread_arch.o
 .debug_macro   0x000000000000a611      0x485 /senslab/users/kmoncayo/iot-lab/iot-lab/parts/RIOT/examples/hello-world/bin/iotlab-m3/cortexm_common/vectors_cortexm.o
 .debug_macro   0x000000000000aa96      0xaf6 /senslab/users/kmoncayo/iot-lab/iot-lab/parts/RIOT/examples/hello-world/bin/iotlab-m3/cortexm_common/vectors_cortexm.o
 .debug_macro   0x000000000000b58c       0x1c /senslab/users/kmoncayo/iot-lab/iot-lab/parts/RIOT/examples/hello-world/bin/iotlab-m3/cortexm_common/vectors_cortexm.o
 .debug_macro   0x000000000000b5a8      0x43b /senslab/users/kmoncayo/iot-lab/iot-lab/parts/RIOT/examples/hello-world/bin/iotlab-m3/cpu/cpu_common.o
 .debug_macro   0x000000000000b9e3      0xaf6 /senslab/users/kmoncayo/iot-lab/iot-lab/parts/RIOT/examples/hello-world/bin/iotlab-m3/cpu/cpu_common.o
 .debug_macro   0x000000000000c4d9      0x4cc /senslab/users/kmoncayo/iot-lab/iot-lab/parts/RIOT/examples/hello-world/bin/iotlab-m3/cpu/cpu_init.o
 .debug_macro   0x000000000000c9a5      0xaf6 /senslab/users/kmoncayo/iot-lab/iot-lab/parts/RIOT/examples/hello-world/bin/iotlab-m3/cpu/cpu_init.o
 .debug_macro   0x000000000000d49b       0x16 /senslab/users/kmoncayo/iot-lab/iot-lab/parts/RIOT/examples/hello-world/bin/iotlab-m3/cpu/cpu_init.o
 .debug_macro   0x000000000000d4b1      0x4fe /senslab/users/kmoncayo/iot-lab/iot-lab/parts/RIOT/examples/hello-world/bin/iotlab-m3/cpu/cpu_init.o
 .debug_macro   0x000000000000d9af      0x588 /senslab/users/kmoncayo/iot-lab/iot-lab/parts/RIOT/examples/hello-world/bin/iotlab-m3/newlib_syscalls_default/syscalls.o
 .debug_macro   0x000000000000df37      0xaf6 /senslab/users/kmoncayo/iot-lab/iot-lab/parts/RIOT/examples/hello-world/bin/iotlab-m3/newlib_syscalls_default/syscalls.o
 .debug_macro   0x000000000000ea2d       0x10 /senslab/users/kmoncayo/iot-lab/iot-lab/parts/RIOT/examples/hello-world/bin/iotlab-m3/newlib_syscalls_default/syscalls.o
 .debug_macro   0x000000000000ea3d       0xcf /senslab/users/kmoncayo/iot-lab/iot-lab/parts/RIOT/examples/hello-world/bin/iotlab-m3/newlib_syscalls_default/syscalls.o
 .debug_macro   0x000000000000eb0c       0x10 /senslab/users/kmoncayo/iot-lab/iot-lab/parts/RIOT/examples/hello-world/bin/iotlab-m3/newlib_syscalls_default/syscalls.o
 .debug_macro   0x000000000000eb1c       0x20 /senslab/users/kmoncayo/iot-lab/iot-lab/parts/RIOT/examples/hello-world/bin/iotlab-m3/newlib_syscalls_default/syscalls.o
 .debug_macro   0x000000000000eb3c       0xb2 /senslab/users/kmoncayo/iot-lab/iot-lab/parts/RIOT/examples/hello-world/bin/iotlab-m3/newlib_syscalls_default/syscalls.o
 .debug_macro   0x000000000000ebee       0xbe /senslab/users/kmoncayo/iot-lab/iot-lab/parts/RIOT/examples/hello-world/bin/iotlab-m3/newlib_syscalls_default/syscalls.o
 .debug_macro   0x000000000000ecac       0x10 /senslab/users/kmoncayo/iot-lab/iot-lab/parts/RIOT/examples/hello-world/bin/iotlab-m3/newlib_syscalls_default/syscalls.o
 .debug_macro   0x000000000000ecbc       0x10 /senslab/users/kmoncayo/iot-lab/iot-lab/parts/RIOT/examples/hello-world/bin/iotlab-m3/newlib_syscalls_default/syscalls.o
 .debug_macro   0x000000000000eccc       0x3c /senslab/users/kmoncayo/iot-lab/iot-lab/parts/RIOT/examples/hello-world/bin/iotlab-m3/newlib_syscalls_default/syscalls.o
 .debug_macro   0x000000000000ed08       0xff /senslab/users/kmoncayo/iot-lab/iot-lab/parts/RIOT/examples/hello-world/bin/iotlab-m3/newlib_syscalls_default/syscalls.o
 .debug_macro   0x000000000000ee07       0x16 /senslab/users/kmoncayo/iot-lab/iot-lab/parts/RIOT/examples/hello-world/bin/iotlab-m3/newlib_syscalls_default/syscalls.o
 .debug_macro   0x000000000000ee1d       0x10 /senslab/users/kmoncayo/iot-lab/iot-lab/parts/RIOT/examples/hello-world/bin/iotlab-m3/newlib_syscalls_default/syscalls.o
 .debug_macro   0x000000000000ee2d       0x10 /senslab/users/kmoncayo/iot-lab/iot-lab/parts/RIOT/examples/hello-world/bin/iotlab-m3/newlib_syscalls_default/syscalls.o
 .debug_macro   0x000000000000ee3d       0x2e /senslab/users/kmoncayo/iot-lab/iot-lab/parts/RIOT/examples/hello-world/bin/iotlab-m3/newlib_syscalls_default/syscalls.o
 .debug_macro   0x000000000000ee6b      0x102 /senslab/users/kmoncayo/iot-lab/iot-lab/parts/RIOT/examples/hello-world/bin/iotlab-m3/newlib_syscalls_default/syscalls.o
 .debug_macro   0x000000000000ef6d      0x3ea /senslab/users/kmoncayo/iot-lab/iot-lab/parts/RIOT/examples/hello-world/bin/iotlab-m3/periph_common/init.o
 .debug_macro   0x000000000000f357      0xaf6 /senslab/users/kmoncayo/iot-lab/iot-lab/parts/RIOT/examples/hello-world/bin/iotlab-m3/periph_common/init.o
 .debug_macro   0x000000000000fe4d      0x487 /senslab/users/kmoncayo/iot-lab/iot-lab/parts/RIOT/examples/hello-world/bin/iotlab-m3/periph/gpio_f1.o
 .debug_macro   0x00000000000102d4      0xaf6 /senslab/users/kmoncayo/iot-lab/iot-lab/parts/RIOT/examples/hello-world/bin/iotlab-m3/periph/gpio_f1.o
 .debug_macro   0x0000000000010dca      0x432 /senslab/users/kmoncayo/iot-lab/iot-lab/parts/RIOT/examples/hello-world/bin/iotlab-m3/periph/pm.o
 .debug_macro   0x00000000000111fc      0xaf6 /senslab/users/kmoncayo/iot-lab/iot-lab/parts/RIOT/examples/hello-world/bin/iotlab-m3/periph/pm.o
 .debug_macro   0x0000000000011cf2      0x486 /senslab/users/kmoncayo/iot-lab/iot-lab/parts/RIOT/examples/hello-world/bin/iotlab-m3/periph/uart.o
 .debug_macro   0x0000000000012178      0xaf6 /senslab/users/kmoncayo/iot-lab/iot-lab/parts/RIOT/examples/hello-world/bin/iotlab-m3/periph/uart.o
 .debug_macro   0x0000000000012c6e       0x10 /senslab/users/kmoncayo/iot-lab/iot-lab/parts/RIOT/examples/hello-world/bin/iotlab-m3/periph/uart.o
 .debug_macro   0x0000000000012c7e      0x441 /senslab/users/kmoncayo/iot-lab/iot-lab/parts/RIOT/examples/hello-world/bin/iotlab-m3/pm_layered/pm.o
 .debug_macro   0x00000000000130bf      0xaf6 /senslab/users/kmoncayo/iot-lab/iot-lab/parts/RIOT/examples/hello-world/bin/iotlab-m3/pm_layered/pm.o
 .debug_macro   0x0000000000013bb5       0x2e /senslab/users/kmoncayo/iot-lab/iot-lab/parts/RIOT/examples/hello-world/bin/iotlab-m3/pm_layered/pm.o
 .debug_macro   0x0000000000013be3       0x27 /senslab/users/kmoncayo/iot-lab/iot-lab/parts/RIOT/examples/hello-world/bin/iotlab-m3/pm_layered/pm.o
 .debug_macro   0x0000000000013c0a      0x502 /senslab/users/kmoncayo/iot-lab/iot-lab/parts/RIOT/examples/hello-world/bin/iotlab-m3/stdio_uart/stdio_uart.o
 .debug_macro   0x000000000001410c      0xaf6 /senslab/users/kmoncayo/iot-lab/iot-lab/parts/RIOT/examples/hello-world/bin/iotlab-m3/stdio_uart/stdio_uart.o
 .debug_macro   0x0000000000014c02       0x10 /senslab/users/kmoncayo/iot-lab/iot-lab/parts/RIOT/examples/hello-world/bin/iotlab-m3/stdio_uart/stdio_uart.o
 .debug_macro   0x0000000000014c12      0x444 /senslab/users/kmoncayo/iot-lab/iot-lab/parts/RIOT/examples/hello-world/bin/iotlab-m3/stm32_clk/stmclk_common.o
 .debug_macro   0x0000000000015056      0xaf6 /senslab/users/kmoncayo/iot-lab/iot-lab/parts/RIOT/examples/hello-world/bin/iotlab-m3/stm32_clk/stmclk_common.o
 .debug_macro   0x0000000000015b4c      0x4ba /senslab/users/kmoncayo/iot-lab/iot-lab/parts/RIOT/examples/hello-world/bin/iotlab-m3/stm32_clk/stmclk_f0f1f3.o
 .debug_macro   0x0000000000016006      0xaf6 /senslab/users/kmoncayo/iot-lab/iot-lab/parts/RIOT/examples/hello-world/bin/iotlab-m3/stm32_clk/stmclk_f0f1f3.o
 .debug_macro   0x0000000000016afc       0xf5 /senslab/users/kmoncayo/iot-lab/iot-lab/parts/RIOT/examples/hello-world/bin/iotlab-m3/stm32_vectors/STM32F103xE.o
 .debug_macro   0x0000000000016bf1      0xaf6 /senslab/users/kmoncayo/iot-lab/iot-lab/parts/RIOT/examples/hello-world/bin/iotlab-m3/stm32_vectors/STM32F103xE.o
 .debug_macro   0x00000000000176e7       0x16 /senslab/users/kmoncayo/iot-lab/iot-lab/parts/RIOT/examples/hello-world/bin/iotlab-m3/stm32_vectors/STM32F103xE.o

.debug_line     0x0000000000000000    0x104fe
 .debug_line    0x0000000000000000      0x3ef /senslab/users/kmoncayo/iot-lab/iot-lab/parts/RIOT/examples/hello-world/bin/iotlab-m3/application_hello-world/main.o
 .debug_line    0x00000000000003ef      0x4ba /senslab/users/kmoncayo/iot-lab/iot-lab/parts/RIOT/examples/hello-world/bin/iotlab-m3/auto_init/auto_init.o
 .debug_line    0x00000000000008a9      0xc2d /senslab/users/kmoncayo/iot-lab/iot-lab/parts/RIOT/examples/hello-world/bin/iotlab-m3/boards_common_iotlab/board_init.o
 .debug_line    0x00000000000014d6      0xac7 /senslab/users/kmoncayo/iot-lab/iot-lab/parts/RIOT/examples/hello-world/bin/iotlab-m3/core/init.o
 .debug_line    0x0000000000001f9d      0xb22 /senslab/users/kmoncayo/iot-lab/iot-lab/parts/RIOT/examples/hello-world/bin/iotlab-m3/core/panic.o
 .debug_line    0x0000000000002abf      0xb3e /senslab/users/kmoncayo/iot-lab/iot-lab/parts/RIOT/examples/hello-world/bin/iotlab-m3/core/sched.o
 .debug_line    0x00000000000035fd     0x1068 /senslab/users/kmoncayo/iot-lab/iot-lab/parts/RIOT/examples/hello-world/bin/iotlab-m3/core/thread.o
 .debug_line    0x0000000000004665      0x849 /senslab/users/kmoncayo/iot-lab/iot-lab/parts/RIOT/examples/hello-world/bin/iotlab-m3/cortexm_common/cortexm_init.o
 .debug_line    0x0000000000004eae      0x757 /senslab/users/kmoncayo/iot-lab/iot-lab/parts/RIOT/examples/hello-world/bin/iotlab-m3/cortexm_common/panic.o
 .debug_line    0x0000000000005605      0xa31 /senslab/users/kmoncayo/iot-lab/iot-lab/parts/RIOT/examples/hello-world/bin/iotlab-m3/cortexm_common/thread_arch.o
 .debug_line    0x0000000000006036      0xec8 /senslab/users/kmoncayo/iot-lab/iot-lab/parts/RIOT/examples/hello-world/bin/iotlab-m3/cortexm_common/vectors_cortexm.o
 .debug_line    0x0000000000006efe      0xc26 /senslab/users/kmoncayo/iot-lab/iot-lab/parts/RIOT/examples/hello-world/bin/iotlab-m3/cpu/cpu_common.o
 .debug_line    0x0000000000007b24      0xd2c /senslab/users/kmoncayo/iot-lab/iot-lab/parts/RIOT/examples/hello-world/bin/iotlab-m3/cpu/cpu_init.o
 .debug_line    0x0000000000008850     0x10bc /senslab/users/kmoncayo/iot-lab/iot-lab/parts/RIOT/examples/hello-world/bin/iotlab-m3/newlib_syscalls_default/syscalls.o
 .debug_line    0x000000000000990c      0x9b1 /senslab/users/kmoncayo/iot-lab/iot-lab/parts/RIOT/examples/hello-world/bin/iotlab-m3/periph_common/init.o
 .debug_line    0x000000000000a2bd      0xf5e /senslab/users/kmoncayo/iot-lab/iot-lab/parts/RIOT/examples/hello-world/bin/iotlab-m3/periph/gpio_f1.o
 .debug_line    0x000000000000b21b      0xb20 /senslab/users/kmoncayo/iot-lab/iot-lab/parts/RIOT/examples/hello-world/bin/iotlab-m3/periph/pm.o
 .debug_line    0x000000000000bd3b      0xfa7 /senslab/users/kmoncayo/iot-lab/iot-lab/parts/RIOT/examples/hello-world/bin/iotlab-m3/periph/uart.o
 .debug_line    0x000000000000cce2      0xce8 /senslab/users/kmoncayo/iot-lab/iot-lab/parts/RIOT/examples/hello-world/bin/iotlab-m3/pm_layered/pm.o
 .debug_line    0x000000000000d9ca      0xcd3 /senslab/users/kmoncayo/iot-lab/iot-lab/parts/RIOT/examples/hello-world/bin/iotlab-m3/stdio_uart/stdio_uart.o
 .debug_line    0x000000000000e69d      0xc91 /senslab/users/kmoncayo/iot-lab/iot-lab/parts/RIOT/examples/hello-world/bin/iotlab-m3/stm32_clk/stmclk_common.o
 .debug_line    0x000000000000f32e      0xd1e /senslab/users/kmoncayo/iot-lab/iot-lab/parts/RIOT/examples/hello-world/bin/iotlab-m3/stm32_clk/stmclk_f0f1f3.o
 .debug_line    0x000000000001004c      0x4b2 /senslab/users/kmoncayo/iot-lab/iot-lab/parts/RIOT/examples/hello-world/bin/iotlab-m3/stm32_vectors/STM32F103xE.o

.debug_str      0x0000000000000000    0x6c8d0
 .debug_str     0x0000000000000000     0x7e7b /senslab/users/kmoncayo/iot-lab/iot-lab/parts/RIOT/examples/hello-world/bin/iotlab-m3/application_hello-world/main.o
                                       0x8122 (size before relaxing)
 .debug_str     0x0000000000007e7b     0x1829 /senslab/users/kmoncayo/iot-lab/iot-lab/parts/RIOT/examples/hello-world/bin/iotlab-m3/auto_init/auto_init.o
                                       0x989d (size before relaxing)
 .debug_str     0x00000000000096a4    0x5e461 /senslab/users/kmoncayo/iot-lab/iot-lab/parts/RIOT/examples/hello-world/bin/iotlab-m3/boards_common_iotlab/board_init.o
                                      0x6798c (size before relaxing)
 .debug_str     0x0000000000067b05      0x7f5 /senslab/users/kmoncayo/iot-lab/iot-lab/parts/RIOT/examples/hello-world/bin/iotlab-m3/core/init.o
                                      0x67683 (size before relaxing)
 .debug_str     0x00000000000682fa      0x1e2 /senslab/users/kmoncayo/iot-lab/iot-lab/parts/RIOT/examples/hello-world/bin/iotlab-m3/core/panic.o
                                      0x670df (size before relaxing)
 .debug_str     0x00000000000684dc      0x57c /senslab/users/kmoncayo/iot-lab/iot-lab/parts/RIOT/examples/hello-world/bin/iotlab-m3/core/sched.o
                                      0x6660b (size before relaxing)
 .debug_str     0x0000000000068a58      0x2b2 /senslab/users/kmoncayo/iot-lab/iot-lab/parts/RIOT/examples/hello-world/bin/iotlab-m3/core/thread.o
                                      0x66aad (size before relaxing)
 .debug_str     0x0000000000068d0a      0x515 /senslab/users/kmoncayo/iot-lab/iot-lab/parts/RIOT/examples/hello-world/bin/iotlab-m3/cortexm_common/cortexm_init.o
                                      0x66382 (size before relaxing)
 .debug_str     0x000000000006921f       0x89 /senslab/users/kmoncayo/iot-lab/iot-lab/parts/RIOT/examples/hello-world/bin/iotlab-m3/cortexm_common/panic.o
                                      0x65fad (size before relaxing)
 .debug_str     0x00000000000692a8      0x1cd /senslab/users/kmoncayo/iot-lab/iot-lab/parts/RIOT/examples/hello-world/bin/iotlab-m3/cortexm_common/thread_arch.o
                                      0x66238 (size before relaxing)
 .debug_str     0x0000000000069475      0x441 /senslab/users/kmoncayo/iot-lab/iot-lab/parts/RIOT/examples/hello-world/bin/iotlab-m3/cortexm_common/vectors_cortexm.o
                                      0x67e88 (size before relaxing)
 .debug_str     0x00000000000698b6      0x162 /senslab/users/kmoncayo/iot-lab/iot-lab/parts/RIOT/examples/hello-world/bin/iotlab-m3/cpu/cpu_common.o
                                      0x675c3 (size before relaxing)
 .debug_str     0x0000000000069a18     0x11b5 /senslab/users/kmoncayo/iot-lab/iot-lab/parts/RIOT/examples/hello-world/bin/iotlab-m3/cpu/cpu_init.o
                                      0x68a98 (size before relaxing)
 .debug_str     0x000000000006abcd      0x971 /senslab/users/kmoncayo/iot-lab/iot-lab/parts/RIOT/examples/hello-world/bin/iotlab-m3/newlib_syscalls_default/syscalls.o
                                      0x69895 (size before relaxing)
 .debug_str     0x000000000006b53e       0xe8 /senslab/users/kmoncayo/iot-lab/iot-lab/parts/RIOT/examples/hello-world/bin/iotlab-m3/periph_common/init.o
                                      0x66df7 (size before relaxing)
 .debug_str     0x000000000006b626      0x1b6 /senslab/users/kmoncayo/iot-lab/iot-lab/parts/RIOT/examples/hello-world/bin/iotlab-m3/periph/gpio_f1.o
                                      0x67eac (size before relaxing)
 .debug_str     0x000000000006b7dc      0x133 /senslab/users/kmoncayo/iot-lab/iot-lab/parts/RIOT/examples/hello-world/bin/iotlab-m3/periph/pm.o
                                      0x6711c (size before relaxing)
 .debug_str     0x000000000006b90f      0x2bc /senslab/users/kmoncayo/iot-lab/iot-lab/parts/RIOT/examples/hello-world/bin/iotlab-m3/periph/uart.o
                                      0x680ce (size before relaxing)
 .debug_str     0x000000000006bbcb      0x48b /senslab/users/kmoncayo/iot-lab/iot-lab/parts/RIOT/examples/hello-world/bin/iotlab-m3/pm_layered/pm.o
                                      0x674fa (size before relaxing)
 .debug_str     0x000000000006c056      0x21b /senslab/users/kmoncayo/iot-lab/iot-lab/parts/RIOT/examples/hello-world/bin/iotlab-m3/stdio_uart/stdio_uart.o
                                      0x690bd (size before relaxing)
 .debug_str     0x000000000006c271      0x1c6 /senslab/users/kmoncayo/iot-lab/iot-lab/parts/RIOT/examples/hello-world/bin/iotlab-m3/stm32_clk/stmclk_common.o
                                      0x674ac (size before relaxing)
 .debug_str     0x000000000006c437      0x392 /senslab/users/kmoncayo/iot-lab/iot-lab/parts/RIOT/examples/hello-world/bin/iotlab-m3/stm32_clk/stmclk_f0f1f3.o
                                      0x677c7 (size before relaxing)